Assuming unrestricted shared filesystem usage.
None
host: UWO-CBS-Heavy10
Building DAG of jobs...
Your conda installation is not configured to use strict channel priorities. This is however important for having robust and correct environments (for details, see https://conda-forge.org/docs/user/tipsandtricks.html). Please consider to configure strict priorities by executing 'conda config --set channel_priority strict'.
Using shell: /usr/bin/bash
Provided cores: 12
Rules claiming more threads will be scaled down.
Job stats:
job             count
------------  -------
all                 1
nnlm_to_fcsv       22
resample_im         1
run_nnlm           18
stereotaxy         26
total              68

Select jobs to execute...
Execute 3 jobs...
[Tue Aug 11 15:02:17 2026]
localrule run_nnlm:
    input: work/sub-P221/ses-preop/resample/sub-P221_ses-preop_acq-ax_run-01_res-100_desc-zscore_T1w.nii.gz, /localscratch/.cache/autoafids/models/nnlm
    output: work/sub-P221/ses-preop/afids-nnlm/sub-P221_ses-preop_acq-ax_run-01_dseg.nii.gz, work/sub-P221/ses-preop/afids-nnlm/sub-P221_ses-preop_acq-ax_run-01_coords.json
    log: logs/sub-P221/ses-preop/sub-P221_ses-preop_acq-ax_run-01_nnlm.log
    jobid: 48
    reason: Missing output files: work/sub-P221/ses-preop/afids-nnlm/sub-P221_ses-preop_acq-ax_run-01_coords.json
    wildcards: subject=P221, session=preop, acq=ax, run=01
    threads: 4
    resources: tmpdir=/localscratch/tmp, gpus=0, mem_mb=16000, mem_mib=15259
Activating conda environment: ../../../../localscratch/.cache/autoafids/conda/6ee0e8c060cc6e84267c0f99faf11702_
[Tue Aug 11 15:02:17 2026]
localrule run_nnlm:
    input: work/sub-P182/ses-preop/resample/sub-P182_ses-preop_acq-ax_run-01_res-100_desc-zscore_T1w.nii.gz, /localscratch/.cache/autoafids/models/nnlm
    output: work/sub-P182/ses-preop/afids-nnlm/sub-P182_ses-preop_acq-ax_run-01_dseg.nii.gz, work/sub-P182/ses-preop/afids-nnlm/sub-P182_ses-preop_acq-ax_run-01_coords.json
    log: logs/sub-P182/ses-preop/sub-P182_ses-preop_acq-ax_run-01_nnlm.log
    jobid: 18
    reason: Missing output files: work/sub-P182/ses-preop/afids-nnlm/sub-P182_ses-preop_acq-ax_run-01_coords.json
    wildcards: subject=P182, session=preop, acq=ax, run=01
    threads: 4
    resources: tmpdir=/localscratch/tmp, gpus=0, mem_mb=16000, mem_mib=15259
Activating conda environment: ../../../../localscratch/.cache/autoafids/conda/6ee0e8c060cc6e84267c0f99faf11702_
[Tue Aug 11 15:02:17 2026]
localrule run_nnlm:
    input: work/sub-P256/ses-preop/resample/sub-P256_ses-preop_acq-ax_run-01_res-100_desc-zscore_T1w.nii.gz, /localscratch/.cache/autoafids/models/nnlm
    output: work/sub-P256/ses-preop/afids-nnlm/sub-P256_ses-preop_acq-ax_run-01_dseg.nii.gz, work/sub-P256/ses-preop/afids-nnlm/sub-P256_ses-preop_acq-ax_run-01_coords.json
    log: logs/sub-P256/ses-preop/sub-P256_ses-preop_acq-ax_run-01_nnlm.log
    jobid: 53
    reason: Missing output files: work/sub-P256/ses-preop/afids-nnlm/sub-P256_ses-preop_acq-ax_run-01_coords.json
    wildcards: subject=P256, session=preop, acq=ax, run=01
    threads: 4
    resources: tmpdir=/localscratch/tmp, gpus=0, mem_mb=16000, mem_mib=15259
Activating conda environment: ../../../../localscratch/.cache/autoafids/conda/6ee0e8c060cc6e84267c0f99faf11702_
Select jobs to execute...
[Tue Aug 11 15:08:53 2026]
Finished jobid: 18 (Rule: run_nnlm)
1 of 68 steps (1%) done
Execute 4 jobs...
[Tue Aug 11 15:08:54 2026]
localrule nnlm_to_fcsv:
    input: work/sub-P182/ses-preop/afids-nnlm/sub-P182_ses-preop_acq-ax_run-01_coords.json, work/sub-P182/ses-preop/resample/sub-P182_ses-preop_acq-ax_run-01_res-100_desc-zscore_T1w.nii.gz
    output: sub-P182/ses-preop/afids-cnn/sub-P182_ses-preop_acq-ax_run-01_desc-afidscnn-nnlm_afids.fcsv
    jobid: 17
    reason: Missing output files: sub-P182/ses-preop/afids-cnn/sub-P182_ses-preop_acq-ax_run-01_desc-afidscnn-nnlm_afids.fcsv; Input files updated by another job: work/sub-P182/ses-preop/afids-nnlm/sub-P182_ses-preop_acq-ax_run-01_coords.json
    wildcards: subject=P182, session=preop, acq=ax, run=01
    resources: tmpdir=/localscratch/tmp
[Tue Aug 11 15:08:54 2026]
localrule stereotaxy:
    input: sub-P193/ses-preop/afids-cnn/sub-P193_ses-preop_acq-ax_run-01_desc-afidscnn-nnlm_afids.fcsv
    output: sub-P193/ses-preop/stereotaxy/sub-P193_ses-preop_acq-ax_run-01_desc-fct_native.fcsv, sub-P193/ses-preop/stereotaxy/sub-P193_ses-preop_acq-ax_run-01_desc-fct_mcp.fcsv, work/sub-P193/ses-preop/ACPCtransforms/sub-P193_ses-preop_acq-ax_run-01_desc-transform_ACPC.txt
    jobid: 136
    reason: Missing output files: sub-P193/ses-preop/stereotaxy/sub-P193_ses-preop_acq-ax_run-01_desc-fct_native.fcsv
    wildcards: subject=P193, session=preop, acq=ax, run=01
    resources: tmpdir=/localscratch/tmp
[Tue Aug 11 15:08:54 2026]
localrule nnlm_to_fcsv:
    input: work/sub-P167/ses-preop/afids-nnlm/sub-P167_ses-preop_acq-ax_run-01_coords.json, work/sub-P167/ses-preop/resample/sub-P167_ses-preop_acq-ax_run-01_res-100_desc-zscore_T1w.nii.gz
    output: sub-P167/ses-preop/afids-cnn/sub-P167_ses-preop_acq-ax_run-01_desc-afidscnn-nnlm_afids.fcsv
    jobid: 7
    reason: Missing output files: sub-P167/ses-preop/afids-cnn/sub-P167_ses-preop_acq-ax_run-01_desc-afidscnn-nnlm_afids.fcsv
    wildcards: subject=P167, session=preop, acq=ax, run=01
    resources: tmpdir=/localscratch/tmp
[Tue Aug 11 15:08:54 2026]
localrule nnlm_to_fcsv:
    input: work/sub-P292/ses-preop/afids-nnlm/sub-P292_ses-preop_acq-ax_run-01_coords.json, work/sub-P292/ses-preop/resample/sub-P292_ses-preop_acq-ax_run-01_res-100_desc-zscore_T1w.nii.gz
    output: sub-P292/ses-preop/afids-cnn/sub-P292_ses-preop_acq-ax_run-01_desc-afidscnn-nnlm_afids.fcsv
    jobid: 72
    reason: Missing output files: sub-P292/ses-preop/afids-cnn/sub-P292_ses-preop_acq-ax_run-01_desc-afidscnn-nnlm_afids.fcsv
    wildcards: subject=P292, session=preop, acq=ax, run=01
    resources: tmpdir=/localscratch/tmp
Activating conda environment: ../../../../localscratch/.cache/autoafids/conda/9b0ebefefdaf8f4c3064162c9af16ee6_
Activating conda environment: ../../../../localscratch/.cache/autoafids/conda/9b0ebefefdaf8f4c3064162c9af16ee6_
Activating conda environment: ../../../../localscratch/.cache/autoafids/conda/7e9941e9acc1503fed10fd844ea3118b_
Activating conda environment: ../../../../localscratch/.cache/autoafids/conda/9b0ebefefdaf8f4c3064162c9af16ee6_
Select jobs to execute...
Activating conda environment: ../../../../localscratch/.cache/autoafids/conda/9b0ebefefdaf8f4c3064162c9af16ee6_
Activating conda environment: ../../../../localscratch/.cache/autoafids/conda/7e9941e9acc1503fed10fd844ea3118b_
Activating conda environment: ../../../../localscratch/.cache/autoafids/conda/9b0ebefefdaf8f4c3064162c9af16ee6_
Activating conda environment: ../../../../localscratch/.cache/autoafids/conda/9b0ebefefdaf8f4c3064162c9af16ee6_
[Tue Aug 11 15:08:55 2026]
Finished jobid: 17 (Rule: nnlm_to_fcsv)
2 of 68 steps (3%) done
Execute 1 jobs...
[Tue Aug 11 15:08:55 2026]
localrule stereotaxy:
    input: sub-P182/ses-preop/afids-cnn/sub-P182_ses-preop_acq-ax_run-01_desc-afidscnn-nnlm_afids.fcsv
    output: sub-P182/ses-preop/stereotaxy/sub-P182_ses-preop_acq-ax_run-01_desc-fct_native.fcsv, sub-P182/ses-preop/stereotaxy/sub-P182_ses-preop_acq-ax_run-01_desc-fct_mcp.fcsv, work/sub-P182/ses-preop/ACPCtransforms/sub-P182_ses-preop_acq-ax_run-01_desc-transform_ACPC.txt
    jobid: 135
    reason: Missing output files: sub-P182/ses-preop/stereotaxy/sub-P182_ses-preop_acq-ax_run-01_desc-fct_native.fcsv; Input files updated by another job: sub-P182/ses-preop/afids-cnn/sub-P182_ses-preop_acq-ax_run-01_desc-afidscnn-nnlm_afids.fcsv
    wildcards: subject=P182, session=preop, acq=ax, run=01
    resources: tmpdir=/localscratch/tmp
Activating conda environment: ../../../../localscratch/.cache/autoafids/conda/7e9941e9acc1503fed10fd844ea3118b_
[Tue Aug 11 15:08:55 2026]
Finished jobid: 7 (Rule: nnlm_to_fcsv)
3 of 68 steps (4%) done
[Tue Aug 11 15:08:55 2026]
Finished jobid: 72 (Rule: nnlm_to_fcsv)
4 of 68 steps (6%) done
Select jobs to execute...
Execute 2 jobs...
[Tue Aug 11 15:08:55 2026]
localrule stereotaxy:
    input: sub-P167/ses-preop/afids-cnn/sub-P167_ses-preop_acq-ax_run-01_desc-afidscnn-nnlm_afids.fcsv
    output: sub-P167/ses-preop/stereotaxy/sub-P167_ses-preop_acq-ax_run-01_desc-fct_native.fcsv, sub-P167/ses-preop/stereotaxy/sub-P167_ses-preop_acq-ax_run-01_desc-fct_mcp.fcsv, work/sub-P167/ses-preop/ACPCtransforms/sub-P167_ses-preop_acq-ax_run-01_desc-transform_ACPC.txt
    jobid: 133
    reason: Missing output files: sub-P167/ses-preop/stereotaxy/sub-P167_ses-preop_acq-ax_run-01_desc-fct_native.fcsv; Input files updated by another job: sub-P167/ses-preop/afids-cnn/sub-P167_ses-preop_acq-ax_run-01_desc-afidscnn-nnlm_afids.fcsv
    wildcards: subject=P167, session=preop, acq=ax, run=01
    resources: tmpdir=/localscratch/tmp
Activating conda environment: ../../../../localscratch/.cache/autoafids/conda/7e9941e9acc1503fed10fd844ea3118b_
[Tue Aug 11 15:08:55 2026]
localrule stereotaxy:
    input: sub-P289/ses-preop/afids-cnn/sub-P289_ses-preop_acq-ax_run-01_desc-afidscnn-nnlm_afids.fcsv
    output: sub-P289/ses-preop/stereotaxy/sub-P289_ses-preop_acq-ax_run-01_desc-fct_native.fcsv, sub-P289/ses-preop/stereotaxy/sub-P289_ses-preop_acq-ax_run-01_desc-fct_mcp.fcsv, work/sub-P289/ses-preop/ACPCtransforms/sub-P289_ses-preop_acq-ax_run-01_desc-transform_ACPC.txt
    jobid: 145
    reason: Missing output files: sub-P289/ses-preop/stereotaxy/sub-P289_ses-preop_acq-ax_run-01_desc-fct_native.fcsv
    wildcards: subject=P289, session=preop, acq=ax, run=01
    resources: tmpdir=/localscratch/tmp
Activating conda environment: ../../../../localscratch/.cache/autoafids/conda/7e9941e9acc1503fed10fd844ea3118b_
Select jobs to execute...
Activating conda environment: ../../../../localscratch/.cache/autoafids/conda/7e9941e9acc1503fed10fd844ea3118b_
Activating conda environment: ../../../../localscratch/.cache/autoafids/conda/7e9941e9acc1503fed10fd844ea3118b_
Activating conda environment: ../../../../localscratch/.cache/autoafids/conda/7e9941e9acc1503fed10fd844ea3118b_
[Tue Aug 11 15:08:56 2026]
Finished jobid: 136 (Rule: stereotaxy)
5 of 68 steps (7%) done
Execute 1 jobs...
[Tue Aug 11 15:08:56 2026]
localrule nnlm_to_fcsv:
    input: work/sub-P202/ses-preop/afids-nnlm/sub-P202_ses-preop_acq-ax_run-01_coords.json, work/sub-P202/ses-preop/resample/sub-P202_ses-preop_acq-ax_run-01_res-100_desc-zscore_T1w.nii.gz
    output: sub-P202/ses-preop/afids-cnn/sub-P202_ses-preop_acq-ax_run-01_desc-afidscnn-nnlm_afids.fcsv
    jobid: 27
    reason: Missing output files: sub-P202/ses-preop/afids-cnn/sub-P202_ses-preop_acq-ax_run-01_desc-afidscnn-nnlm_afids.fcsv
    wildcards: subject=P202, session=preop, acq=ax, run=01
    resources: tmpdir=/localscratch/tmp
Activating conda environment: ../../../../localscratch/.cache/autoafids/conda/9b0ebefefdaf8f4c3064162c9af16ee6_
Select jobs to execute...
Activating conda environment: ../../../../localscratch/.cache/autoafids/conda/9b0ebefefdaf8f4c3064162c9af16ee6_
[Tue Aug 11 15:08:57 2026]
Finished jobid: 53 (Rule: run_nnlm)
6 of 68 steps (9%) done
Execute 4 jobs...
[Tue Aug 11 15:08:57 2026]
localrule nnlm_to_fcsv:
    input: work/sub-P256/ses-preop/afids-nnlm/sub-P256_ses-preop_acq-ax_run-01_coords.json, work/sub-P256/ses-preop/resample/sub-P256_ses-preop_acq-ax_run-01_res-100_desc-zscore_T1w.nii.gz
    output: sub-P256/ses-preop/afids-cnn/sub-P256_ses-preop_acq-ax_run-01_desc-afidscnn-nnlm_afids.fcsv
    jobid: 52
    reason: Missing output files: sub-P256/ses-preop/afids-cnn/sub-P256_ses-preop_acq-ax_run-01_desc-afidscnn-nnlm_afids.fcsv; Input files updated by another job: work/sub-P256/ses-preop/afids-nnlm/sub-P256_ses-preop_acq-ax_run-01_coords.json
    wildcards: subject=P256, session=preop, acq=ax, run=01
    resources: tmpdir=/localscratch/tmp
[Tue Aug 11 15:08:57 2026]
localrule stereotaxy:
    input: sub-P292/ses-preop/afids-cnn/sub-P292_ses-preop_acq-ax_run-01_desc-afidscnn-nnlm_afids.fcsv
    output: sub-P292/ses-preop/stereotaxy/sub-P292_ses-preop_acq-ax_run-01_desc-fct_native.fcsv, sub-P292/ses-preop/stereotaxy/sub-P292_ses-preop_acq-ax_run-01_desc-fct_mcp.fcsv, work/sub-P292/ses-preop/ACPCtransforms/sub-P292_ses-preop_acq-ax_run-01_desc-transform_ACPC.txt
    jobid: 146
    reason: Missing output files: sub-P292/ses-preop/stereotaxy/sub-P292_ses-preop_acq-ax_run-01_desc-fct_native.fcsv; Input files updated by another job: sub-P292/ses-preop/afids-cnn/sub-P292_ses-preop_acq-ax_run-01_desc-afidscnn-nnlm_afids.fcsv
    wildcards: subject=P292, session=preop, acq=ax, run=01
    resources: tmpdir=/localscratch/tmp
Activating conda environment: ../../../../localscratch/.cache/autoafids/conda/9b0ebefefdaf8f4c3064162c9af16ee6_
Activating conda environment: ../../../../localscratch/.cache/autoafids/conda/7e9941e9acc1503fed10fd844ea3118b_
[Tue Aug 11 15:08:57 2026]
localrule resample_im:
    input: work/sub-P205/ses-preop/normalize/sub-P205_ses-preop_acq-ax_run-01_desc-zscore_T1w.nii.gz
    output: work/sub-P205/ses-preop/resample/sub-P205_ses-preop_acq-ax_run-01_res-100_desc-zscore_T1w.nii.gz
    jobid: 34
    reason: Missing output files: work/sub-P205/ses-preop/resample/sub-P205_ses-preop_acq-ax_run-01_res-100_desc-zscore_T1w.nii.gz
    wildcards: subject=P205, session=preop, acq=ax, run=01
    resources: tmpdir=/localscratch/tmp
Activating conda environment: ../../../../localscratch/.cache/autoafids/conda/fd9ea35b16c4e2c41feeb821ac0ad38d_
[Tue Aug 11 15:08:57 2026]
localrule nnlm_to_fcsv:
    input: work/sub-P350/ses-preop/afids-nnlm/sub-P350_ses-preop_acq-ax_run-01_coords.json, work/sub-P350/ses-preop/resample/sub-P350_ses-preop_acq-ax_run-01_res-100_desc-zscore_T1w.nii.gz
    output: sub-P350/ses-preop/afids-cnn/sub-P350_ses-preop_acq-ax_run-01_desc-afidscnn-nnlm_afids.fcsv
    jobid: 92
    reason: Missing output files: sub-P350/ses-preop/afids-cnn/sub-P350_ses-preop_acq-ax_run-01_desc-afidscnn-nnlm_afids.fcsv
    wildcards: subject=P350, session=preop, acq=ax, run=01
    resources: tmpdir=/localscratch/tmp
Activating conda environment: ../../../../localscratch/.cache/autoafids/conda/9b0ebefefdaf8f4c3064162c9af16ee6_
Select jobs to execute...
[Tue Aug 11 15:08:57 2026]
Finished jobid: 135 (Rule: stereotaxy)
7 of 68 steps (10%) done
Activating conda environment: ../../../../localscratch/.cache/autoafids/conda/7e9941e9acc1503fed10fd844ea3118b_
Execute 1 jobs...
[Tue Aug 11 15:08:57 2026]
localrule stereotaxy:
    input: sub-P213/ses-preop/afids-cnn/sub-P213_ses-preop_acq-ax_run-01_desc-afidscnn-nnlm_afids.fcsv
    output: sub-P213/ses-preop/stereotaxy/sub-P213_ses-preop_acq-ax_run-01_desc-fct_native.fcsv, sub-P213/ses-preop/stereotaxy/sub-P213_ses-preop_acq-ax_run-01_desc-fct_mcp.fcsv, work/sub-P213/ses-preop/ACPCtransforms/sub-P213_ses-preop_acq-ax_run-01_desc-transform_ACPC.txt
    jobid: 139
    reason: Missing output files: sub-P213/ses-preop/stereotaxy/sub-P213_ses-preop_acq-ax_run-01_desc-fct_native.fcsv
    wildcards: subject=P213, session=preop, acq=ax, run=01
    resources: tmpdir=/localscratch/tmp
[Tue Aug 11 15:08:57 2026]
Finished jobid: 27 (Rule: nnlm_to_fcsv)
8 of 68 steps (12%) done
Select jobs to execute...
Activating conda environment: ../../../../localscratch/.cache/autoafids/conda/7e9941e9acc1503fed10fd844ea3118b_
Activating conda environment: ../../../../localscratch/.cache/autoafids/conda/9b0ebefefdaf8f4c3064162c9af16ee6_
Execute 1 jobs...
[Tue Aug 11 15:08:57 2026]
localrule stereotaxy:
    input: sub-P202/ses-preop/afids-cnn/sub-P202_ses-preop_acq-ax_run-01_desc-afidscnn-nnlm_afids.fcsv
    output: sub-P202/ses-preop/stereotaxy/sub-P202_ses-preop_acq-ax_run-01_desc-fct_native.fcsv, sub-P202/ses-preop/stereotaxy/sub-P202_ses-preop_acq-ax_run-01_desc-fct_mcp.fcsv, work/sub-P202/ses-preop/ACPCtransforms/sub-P202_ses-preop_acq-ax_run-01_desc-transform_ACPC.txt
    jobid: 137
    reason: Missing output files: sub-P202/ses-preop/stereotaxy/sub-P202_ses-preop_acq-ax_run-01_desc-fct_native.fcsv; Input files updated by another job: sub-P202/ses-preop/afids-cnn/sub-P202_ses-preop_acq-ax_run-01_desc-afidscnn-nnlm_afids.fcsv
    wildcards: subject=P202, session=preop, acq=ax, run=01
    resources: tmpdir=/localscratch/tmp
Activating conda environment: ../../../../localscratch/.cache/autoafids/conda/9b0ebefefdaf8f4c3064162c9af16ee6_
Activating conda environment: ../../../../localscratch/.cache/autoafids/conda/fd9ea35b16c4e2c41feeb821ac0ad38d_
Select jobs to execute...
Activating conda environment: ../../../../localscratch/.cache/autoafids/conda/7e9941e9acc1503fed10fd844ea3118b_
[Tue Aug 11 15:08:57 2026]
Finished jobid: 133 (Rule: stereotaxy)
9 of 68 steps (13%) done
Execute 1 jobs...
[Tue Aug 11 15:08:57 2026]
localrule stereotaxy:
    input: sub-P165/ses-preop/afids-cnn/sub-P165_ses-preop_acq-ax_run-01_desc-afidscnn-nnlm_afids.fcsv
    output: sub-P165/ses-preop/stereotaxy/sub-P165_ses-preop_acq-ax_run-01_desc-fct_native.fcsv, sub-P165/ses-preop/stereotaxy/sub-P165_ses-preop_acq-ax_run-01_desc-fct_mcp.fcsv, work/sub-P165/ses-preop/ACPCtransforms/sub-P165_ses-preop_acq-ax_run-01_desc-transform_ACPC.txt
    jobid: 132
    reason: Missing output files: sub-P165/ses-preop/stereotaxy/sub-P165_ses-preop_acq-ax_run-01_desc-fct_native.fcsv
    wildcards: subject=P165, session=preop, acq=ax, run=01
    resources: tmpdir=/localscratch/tmp
Activating conda environment: ../../../../localscratch/.cache/autoafids/conda/7e9941e9acc1503fed10fd844ea3118b_
[Tue Aug 11 15:08:57 2026]
Finished jobid: 145 (Rule: stereotaxy)
10 of 68 steps (15%) done
Select jobs to execute...
Activating conda environment: ../../../../localscratch/.cache/autoafids/conda/7e9941e9acc1503fed10fd844ea3118b_
Activating conda environment: ../../../../localscratch/.cache/autoafids/conda/7e9941e9acc1503fed10fd844ea3118b_
Activating conda environment: ../../../../localscratch/.cache/autoafids/conda/7e9941e9acc1503fed10fd844ea3118b_
[Tue Aug 11 15:08:58 2026]
Finished jobid: 92 (Rule: nnlm_to_fcsv)
11 of 68 steps (16%) done
Execute 1 jobs...
[Tue Aug 11 15:08:58 2026]
localrule stereotaxy:
    input: sub-P350/ses-preop/afids-cnn/sub-P350_ses-preop_acq-ax_run-01_desc-afidscnn-nnlm_afids.fcsv
    output: sub-P350/ses-preop/stereotaxy/sub-P350_ses-preop_acq-ax_run-01_desc-fct_native.fcsv, sub-P350/ses-preop/stereotaxy/sub-P350_ses-preop_acq-ax_run-01_desc-fct_mcp.fcsv, work/sub-P350/ses-preop/ACPCtransforms/sub-P350_ses-preop_acq-ax_run-01_desc-transform_ACPC.txt
    jobid: 150
    reason: Missing output files: sub-P350/ses-preop/stereotaxy/sub-P350_ses-preop_acq-ax_run-01_desc-fct_native.fcsv; Input files updated by another job: sub-P350/ses-preop/afids-cnn/sub-P350_ses-preop_acq-ax_run-01_desc-afidscnn-nnlm_afids.fcsv
    wildcards: subject=P350, session=preop, acq=ax, run=01
    resources: tmpdir=/localscratch/tmp
Activating conda environment: ../../../../localscratch/.cache/autoafids/conda/7e9941e9acc1503fed10fd844ea3118b_
[Tue Aug 11 15:08:58 2026]
Finished jobid: 52 (Rule: nnlm_to_fcsv)
12 of 68 steps (18%) done
Select jobs to execute...
Execute 1 jobs...
[Tue Aug 11 15:08:58 2026]
localrule stereotaxy:
    input: sub-P256/ses-preop/afids-cnn/sub-P256_ses-preop_acq-ax_run-01_desc-afidscnn-nnlm_afids.fcsv
    output: sub-P256/ses-preop/stereotaxy/sub-P256_ses-preop_acq-ax_run-01_desc-fct_native.fcsv, sub-P256/ses-preop/stereotaxy/sub-P256_ses-preop_acq-ax_run-01_desc-fct_mcp.fcsv, work/sub-P256/ses-preop/ACPCtransforms/sub-P256_ses-preop_acq-ax_run-01_desc-transform_ACPC.txt
    jobid: 142
    reason: Missing output files: sub-P256/ses-preop/stereotaxy/sub-P256_ses-preop_acq-ax_run-01_desc-fct_native.fcsv; Input files updated by another job: sub-P256/ses-preop/afids-cnn/sub-P256_ses-preop_acq-ax_run-01_desc-afidscnn-nnlm_afids.fcsv
    wildcards: subject=P256, session=preop, acq=ax, run=01
    resources: tmpdir=/localscratch/tmp
Select jobs to execute...
Activating conda environment: ../../../../localscratch/.cache/autoafids/conda/7e9941e9acc1503fed10fd844ea3118b_
Activating conda environment: ../../../../localscratch/.cache/autoafids/conda/7e9941e9acc1503fed10fd844ea3118b_
Activating conda environment: ../../../../localscratch/.cache/autoafids/conda/7e9941e9acc1503fed10fd844ea3118b_
[Tue Aug 11 15:08:59 2026]
Finished jobid: 146 (Rule: stereotaxy)
13 of 68 steps (19%) done
[Tue Aug 11 15:08:59 2026]
Finished jobid: 48 (Rule: run_nnlm)
14 of 68 steps (21%) done
Execute 2 jobs...
[Tue Aug 11 15:08:59 2026]
localrule nnlm_to_fcsv:
    input: work/sub-P221/ses-preop/afids-nnlm/sub-P221_ses-preop_acq-ax_run-01_coords.json, work/sub-P221/ses-preop/resample/sub-P221_ses-preop_acq-ax_run-01_res-100_desc-zscore_T1w.nii.gz
    output: sub-P221/ses-preop/afids-cnn/sub-P221_ses-preop_acq-ax_run-01_desc-afidscnn-nnlm_afids.fcsv
    jobid: 47
    reason: Missing output files: sub-P221/ses-preop/afids-cnn/sub-P221_ses-preop_acq-ax_run-01_desc-afidscnn-nnlm_afids.fcsv; Input files updated by another job: work/sub-P221/ses-preop/afids-nnlm/sub-P221_ses-preop_acq-ax_run-01_coords.json
    wildcards: subject=P221, session=preop, acq=ax, run=01
    resources: tmpdir=/localscratch/tmp
[Tue Aug 11 15:08:59 2026]
localrule run_nnlm:
    input: work/sub-P277/ses-preop/resample/sub-P277_ses-preop_acq-ax_run-01_res-100_desc-zscore_T1w.nii.gz, /localscratch/.cache/autoafids/models/nnlm
    output: work/sub-P277/ses-preop/afids-nnlm/sub-P277_ses-preop_acq-ax_run-01_dseg.nii.gz, work/sub-P277/ses-preop/afids-nnlm/sub-P277_ses-preop_acq-ax_run-01_coords.json
    log: logs/sub-P277/ses-preop/sub-P277_ses-preop_acq-ax_run-01_nnlm.log
    jobid: 58
    reason: Missing output files: work/sub-P277/ses-preop/afids-nnlm/sub-P277_ses-preop_acq-ax_run-01_coords.json
    wildcards: subject=P277, session=preop, acq=ax, run=01
    threads: 4
    resources: tmpdir=/localscratch/tmp, gpus=0, mem_mb=16000, mem_mib=15259
Activating conda environment: ../../../../localscratch/.cache/autoafids/conda/9b0ebefefdaf8f4c3064162c9af16ee6_
Activating conda environment: ../../../../localscratch/.cache/autoafids/conda/6ee0e8c060cc6e84267c0f99faf11702_
Select jobs to execute...
[Tue Aug 11 15:08:59 2026]
Finished jobid: 139 (Rule: stereotaxy)
15 of 68 steps (22%) done
[Tue Aug 11 15:08:59 2026]
Finished jobid: 137 (Rule: stereotaxy)
16 of 68 steps (24%) done
[Tue Aug 11 15:09:00 2026]
Finished jobid: 132 (Rule: stereotaxy)
17 of 68 steps (25%) done
Execute 1 jobs...
[Tue Aug 11 15:09:00 2026]
localrule run_nnlm:
    input: work/sub-P175/ses-preop/resample/sub-P175_ses-preop_acq-ax_run-01_res-100_desc-zscore_T1w.nii.gz, /localscratch/.cache/autoafids/models/nnlm
    output: work/sub-P175/ses-preop/afids-nnlm/sub-P175_ses-preop_acq-ax_run-01_dseg.nii.gz, work/sub-P175/ses-preop/afids-nnlm/sub-P175_ses-preop_acq-ax_run-01_coords.json
    log: logs/sub-P175/ses-preop/sub-P175_ses-preop_acq-ax_run-01_nnlm.log
    jobid: 13
    reason: Missing output files: work/sub-P175/ses-preop/afids-nnlm/sub-P175_ses-preop_acq-ax_run-01_coords.json
    wildcards: subject=P175, session=preop, acq=ax, run=01
    threads: 4
    resources: tmpdir=/localscratch/tmp, gpus=0, mem_mb=16000, mem_mib=15259
Activating conda environment: ../../../../localscratch/.cache/autoafids/conda/6ee0e8c060cc6e84267c0f99faf11702_
Select jobs to execute...
Activating conda environment: ../../../../localscratch/.cache/autoafids/conda/9b0ebefefdaf8f4c3064162c9af16ee6_
[Tue Aug 11 15:09:00 2026]
Finished jobid: 142 (Rule: stereotaxy)
18 of 68 steps (26%) done
[Tue Aug 11 15:09:00 2026]
Finished jobid: 150 (Rule: stereotaxy)
19 of 68 steps (28%) done
[Tue Aug 11 15:09:01 2026]
Finished jobid: 47 (Rule: nnlm_to_fcsv)
20 of 68 steps (29%) done
Execute 1 jobs...
[Tue Aug 11 15:09:01 2026]
localrule stereotaxy:
    input: sub-P221/ses-preop/afids-cnn/sub-P221_ses-preop_acq-ax_run-01_desc-afidscnn-nnlm_afids.fcsv
    output: sub-P221/ses-preop/stereotaxy/sub-P221_ses-preop_acq-ax_run-01_desc-fct_native.fcsv, sub-P221/ses-preop/stereotaxy/sub-P221_ses-preop_acq-ax_run-01_desc-fct_mcp.fcsv, work/sub-P221/ses-preop/ACPCtransforms/sub-P221_ses-preop_acq-ax_run-01_desc-transform_ACPC.txt
    jobid: 141
    reason: Missing output files: sub-P221/ses-preop/stereotaxy/sub-P221_ses-preop_acq-ax_run-01_desc-fct_native.fcsv; Input files updated by another job: sub-P221/ses-preop/afids-cnn/sub-P221_ses-preop_acq-ax_run-01_desc-afidscnn-nnlm_afids.fcsv
    wildcards: subject=P221, session=preop, acq=ax, run=01
    resources: tmpdir=/localscratch/tmp
Activating conda environment: ../../../../localscratch/.cache/autoafids/conda/7e9941e9acc1503fed10fd844ea3118b_
Select jobs to execute...
Activating conda environment: ../../../../localscratch/.cache/autoafids/conda/7e9941e9acc1503fed10fd844ea3118b_
[Tue Aug 11 15:09:03 2026]
Finished jobid: 141 (Rule: stereotaxy)
21 of 68 steps (31%) done
[Tue Aug 11 15:09:08 2026]
Finished jobid: 34 (Rule: resample_im)
22 of 68 steps (32%) done
Execute 1 jobs...
[Tue Aug 11 15:09:08 2026]
localrule run_nnlm:
    input: work/sub-P369/ses-preop/resample/sub-P369_ses-preop_acq-ax_run-01_res-100_desc-zscore_T1w.nii.gz, /localscratch/.cache/autoafids/models/nnlm
    output: work/sub-P369/ses-preop/afids-nnlm/sub-P369_ses-preop_acq-ax_run-01_dseg.nii.gz, work/sub-P369/ses-preop/afids-nnlm/sub-P369_ses-preop_acq-ax_run-01_coords.json
    log: logs/sub-P369/ses-preop/sub-P369_ses-preop_acq-ax_run-01_nnlm.log
    jobid: 123
    reason: Missing output files: work/sub-P369/ses-preop/afids-nnlm/sub-P369_ses-preop_acq-ax_run-01_coords.json
    wildcards: subject=P369, session=preop, acq=ax, run=01
    threads: 4
    resources: tmpdir=/localscratch/tmp, gpus=0, mem_mb=16000, mem_mib=15259
Activating conda environment: ../../../../localscratch/.cache/autoafids/conda/6ee0e8c060cc6e84267c0f99faf11702_
Select jobs to execute...
[Tue Aug 11 15:15:37 2026]
Finished jobid: 58 (Rule: run_nnlm)
23 of 68 steps (34%) done
Execute 1 jobs...
[Tue Aug 11 15:15:37 2026]
localrule run_nnlm:
    input: work/sub-P353/ses-preop/resample/sub-P353_ses-preop_acq-ax_run-01_res-100_desc-zscore_T1w.nii.gz, /localscratch/.cache/autoafids/models/nnlm
    output: work/sub-P353/ses-preop/afids-nnlm/sub-P353_ses-preop_acq-ax_run-01_dseg.nii.gz, work/sub-P353/ses-preop/afids-nnlm/sub-P353_ses-preop_acq-ax_run-01_coords.json
    log: logs/sub-P353/ses-preop/sub-P353_ses-preop_acq-ax_run-01_nnlm.log
    jobid: 103
    reason: Missing output files: work/sub-P353/ses-preop/afids-nnlm/sub-P353_ses-preop_acq-ax_run-01_coords.json
    wildcards: subject=P353, session=preop, acq=ax, run=01
    threads: 4
    resources: tmpdir=/localscratch/tmp, gpus=0, mem_mb=16000, mem_mib=15259
Activating conda environment: ../../../../localscratch/.cache/autoafids/conda/6ee0e8c060cc6e84267c0f99faf11702_
Select jobs to execute...
[Tue Aug 11 15:15:39 2026]
Finished jobid: 13 (Rule: run_nnlm)
24 of 68 steps (35%) done
Execute 1 jobs...
[Tue Aug 11 15:15:39 2026]
localrule run_nnlm:
    input: work/sub-P367/ses-preop/resample/sub-P367_ses-preop_acq-ax_run-01_res-100_desc-zscore_T1w.nii.gz, /localscratch/.cache/autoafids/models/nnlm
    output: work/sub-P367/ses-preop/afids-nnlm/sub-P367_ses-preop_acq-ax_run-01_dseg.nii.gz, work/sub-P367/ses-preop/afids-nnlm/sub-P367_ses-preop_acq-ax_run-01_coords.json
    log: logs/sub-P367/ses-preop/sub-P367_ses-preop_acq-ax_run-01_nnlm.log
    jobid: 118
    reason: Missing output files: work/sub-P367/ses-preop/afids-nnlm/sub-P367_ses-preop_acq-ax_run-01_coords.json
    wildcards: subject=P367, session=preop, acq=ax, run=01
    threads: 4
    resources: tmpdir=/localscratch/tmp, gpus=0, mem_mb=16000, mem_mib=15259
Activating conda environment: ../../../../localscratch/.cache/autoafids/conda/6ee0e8c060cc6e84267c0f99faf11702_
Select jobs to execute...
[Tue Aug 11 15:15:48 2026]
Finished jobid: 123 (Rule: run_nnlm)
25 of 68 steps (37%) done
Execute 1 jobs...
[Tue Aug 11 15:15:48 2026]
localrule run_nnlm:
    input: work/sub-P352/ses-preop/resample/sub-P352_ses-preop_acq-ax_run-01_res-100_desc-zscore_T1w.nii.gz, /localscratch/.cache/autoafids/models/nnlm
    output: work/sub-P352/ses-preop/afids-nnlm/sub-P352_ses-preop_acq-ax_run-01_dseg.nii.gz, work/sub-P352/ses-preop/afids-nnlm/sub-P352_ses-preop_acq-ax_run-01_coords.json
    log: logs/sub-P352/ses-preop/sub-P352_ses-preop_acq-ax_run-01_nnlm.log
    jobid: 98
    reason: Missing output files: work/sub-P352/ses-preop/afids-nnlm/sub-P352_ses-preop_acq-ax_run-01_coords.json
    wildcards: subject=P352, session=preop, acq=ax, run=01
    threads: 4
    resources: tmpdir=/localscratch/tmp, gpus=0, mem_mb=16000, mem_mib=15259
Activating conda environment: ../../../../localscratch/.cache/autoafids/conda/6ee0e8c060cc6e84267c0f99faf11702_
Select jobs to execute...
[Tue Aug 11 15:19:22 2026]
Finished jobid: 103 (Rule: run_nnlm)
26 of 68 steps (38%) done
Execute 1 jobs...
[Tue Aug 11 15:19:22 2026]
localrule run_nnlm:
    input: work/sub-P328/ses-preop/resample/sub-P328_ses-preop_acq-ax_run-01_res-100_desc-zscore_T1w.nii.gz, /localscratch/.cache/autoafids/models/nnlm
    output: work/sub-P328/ses-preop/afids-nnlm/sub-P328_ses-preop_acq-ax_run-01_dseg.nii.gz, work/sub-P328/ses-preop/afids-nnlm/sub-P328_ses-preop_acq-ax_run-01_coords.json
    log: logs/sub-P328/ses-preop/sub-P328_ses-preop_acq-ax_run-01_nnlm.log
    jobid: 88
    reason: Missing output files: work/sub-P328/ses-preop/afids-nnlm/sub-P328_ses-preop_acq-ax_run-01_coords.json
    wildcards: subject=P328, session=preop, acq=ax, run=01
    threads: 4
    resources: tmpdir=/localscratch/tmp, gpus=0, mem_mb=16000, mem_mib=15259
Activating conda environment: ../../../../localscratch/.cache/autoafids/conda/6ee0e8c060cc6e84267c0f99faf11702_
Select jobs to execute...
[Tue Aug 11 15:22:25 2026]
Finished jobid: 98 (Rule: run_nnlm)
27 of 68 steps (40%) done
Execute 4 jobs...
[Tue Aug 11 15:22:25 2026]
localrule nnlm_to_fcsv:
    input: work/sub-P277/ses-preop/afids-nnlm/sub-P277_ses-preop_acq-ax_run-01_coords.json, work/sub-P277/ses-preop/resample/sub-P277_ses-preop_acq-ax_run-01_res-100_desc-zscore_T1w.nii.gz
    output: sub-P277/ses-preop/afids-cnn/sub-P277_ses-preop_acq-ax_run-01_desc-afidscnn-nnlm_afids.fcsv
    jobid: 57
    reason: Missing output files: sub-P277/ses-preop/afids-cnn/sub-P277_ses-preop_acq-ax_run-01_desc-afidscnn-nnlm_afids.fcsv; Input files updated by another job: work/sub-P277/ses-preop/afids-nnlm/sub-P277_ses-preop_acq-ax_run-01_coords.json
    wildcards: subject=P277, session=preop, acq=ax, run=01
    resources: tmpdir=/localscratch/tmp
Activating conda environment: ../../../../localscratch/.cache/autoafids/conda/9b0ebefefdaf8f4c3064162c9af16ee6_
[Tue Aug 11 15:22:25 2026]
localrule nnlm_to_fcsv:
    input: work/sub-P353/ses-preop/afids-nnlm/sub-P353_ses-preop_acq-ax_run-01_coords.json, work/sub-P353/ses-preop/resample/sub-P353_ses-preop_acq-ax_run-01_res-100_desc-zscore_T1w.nii.gz
    output: sub-P353/ses-preop/afids-cnn/sub-P353_ses-preop_acq-ax_run-01_desc-afidscnn-nnlm_afids.fcsv
    jobid: 102
    reason: Missing output files: sub-P353/ses-preop/afids-cnn/sub-P353_ses-preop_acq-ax_run-01_desc-afidscnn-nnlm_afids.fcsv; Input files updated by another job: work/sub-P353/ses-preop/afids-nnlm/sub-P353_ses-preop_acq-ax_run-01_coords.json
    wildcards: subject=P353, session=preop, acq=ax, run=01
    resources: tmpdir=/localscratch/tmp
[Tue Aug 11 15:22:25 2026]
localrule nnlm_to_fcsv:
    input: work/sub-P369/ses-preop/afids-nnlm/sub-P369_ses-preop_acq-ax_run-01_coords.json, work/sub-P369/ses-preop/resample/sub-P369_ses-preop_acq-ax_run-01_res-100_desc-zscore_T1w.nii.gz
    output: sub-P369/ses-preop/afids-cnn/sub-P369_ses-preop_acq-ax_run-01_desc-afidscnn-nnlm_afids.fcsv
    jobid: 122
    reason: Missing output files: sub-P369/ses-preop/afids-cnn/sub-P369_ses-preop_acq-ax_run-01_desc-afidscnn-nnlm_afids.fcsv; Input files updated by another job: work/sub-P369/ses-preop/afids-nnlm/sub-P369_ses-preop_acq-ax_run-01_coords.json
    wildcards: subject=P369, session=preop, acq=ax, run=01
    resources: tmpdir=/localscratch/tmp
Activating conda environment: ../../../../localscratch/.cache/autoafids/conda/9b0ebefefdaf8f4c3064162c9af16ee6_
[Tue Aug 11 15:22:25 2026]
localrule nnlm_to_fcsv:
    input: work/sub-P175/ses-preop/afids-nnlm/sub-P175_ses-preop_acq-ax_run-01_coords.json, work/sub-P175/ses-preop/resample/sub-P175_ses-preop_acq-ax_run-01_res-100_desc-zscore_T1w.nii.gz
    output: sub-P175/ses-preop/afids-cnn/sub-P175_ses-preop_acq-ax_run-01_desc-afidscnn-nnlm_afids.fcsv
    jobid: 12
    reason: Missing output files: sub-P175/ses-preop/afids-cnn/sub-P175_ses-preop_acq-ax_run-01_desc-afidscnn-nnlm_afids.fcsv; Input files updated by another job: work/sub-P175/ses-preop/afids-nnlm/sub-P175_ses-preop_acq-ax_run-01_coords.json
    wildcards: subject=P175, session=preop, acq=ax, run=01
    resources: tmpdir=/localscratch/tmp
Select jobs to execute...
Activating conda environment: ../../../../localscratch/.cache/autoafids/conda/9b0ebefefdaf8f4c3064162c9af16ee6_
Activating conda environment: ../../../../localscratch/.cache/autoafids/conda/9b0ebefefdaf8f4c3064162c9af16ee6_
Activating conda environment: ../../../../localscratch/.cache/autoafids/conda/9b0ebefefdaf8f4c3064162c9af16ee6_
Activating conda environment: ../../../../localscratch/.cache/autoafids/conda/9b0ebefefdaf8f4c3064162c9af16ee6_
Activating conda environment: ../../../../localscratch/.cache/autoafids/conda/9b0ebefefdaf8f4c3064162c9af16ee6_
Activating conda environment: ../../../../localscratch/.cache/autoafids/conda/9b0ebefefdaf8f4c3064162c9af16ee6_
[Tue Aug 11 15:22:27 2026]
Finished jobid: 102 (Rule: nnlm_to_fcsv)
28 of 68 steps (41%) done
Execute 1 jobs...
[Tue Aug 11 15:22:27 2026]
localrule nnlm_to_fcsv:
    input: work/sub-P352/ses-preop/afids-nnlm/sub-P352_ses-preop_acq-ax_run-01_coords.json, work/sub-P352/ses-preop/resample/sub-P352_ses-preop_acq-ax_run-01_res-100_desc-zscore_T1w.nii.gz
    output: sub-P352/ses-preop/afids-cnn/sub-P352_ses-preop_acq-ax_run-01_desc-afidscnn-nnlm_afids.fcsv
    jobid: 97
    reason: Missing output files: sub-P352/ses-preop/afids-cnn/sub-P352_ses-preop_acq-ax_run-01_desc-afidscnn-nnlm_afids.fcsv; Input files updated by another job: work/sub-P352/ses-preop/afids-nnlm/sub-P352_ses-preop_acq-ax_run-01_coords.json
    wildcards: subject=P352, session=preop, acq=ax, run=01
    resources: tmpdir=/localscratch/tmp
Activating conda environment: ../../../../localscratch/.cache/autoafids/conda/9b0ebefefdaf8f4c3064162c9af16ee6_
Select jobs to execute...
[Tue Aug 11 15:22:27 2026]
Finished jobid: 12 (Rule: nnlm_to_fcsv)
29 of 68 steps (43%) done
Execute 1 jobs...
[Tue Aug 11 15:22:27 2026]
localrule stereotaxy:
    input: sub-P175/ses-preop/afids-cnn/sub-P175_ses-preop_acq-ax_run-01_desc-afidscnn-nnlm_afids.fcsv
    output: sub-P175/ses-preop/stereotaxy/sub-P175_ses-preop_acq-ax_run-01_desc-fct_native.fcsv, sub-P175/ses-preop/stereotaxy/sub-P175_ses-preop_acq-ax_run-01_desc-fct_mcp.fcsv, work/sub-P175/ses-preop/ACPCtransforms/sub-P175_ses-preop_acq-ax_run-01_desc-transform_ACPC.txt
    jobid: 134
    reason: Missing output files: sub-P175/ses-preop/stereotaxy/sub-P175_ses-preop_acq-ax_run-01_desc-fct_native.fcsv; Input files updated by another job: sub-P175/ses-preop/afids-cnn/sub-P175_ses-preop_acq-ax_run-01_desc-afidscnn-nnlm_afids.fcsv
    wildcards: subject=P175, session=preop, acq=ax, run=01
    resources: tmpdir=/localscratch/tmp
Activating conda environment: ../../../../localscratch/.cache/autoafids/conda/7e9941e9acc1503fed10fd844ea3118b_
Select jobs to execute...
[Tue Aug 11 15:22:27 2026]
Finished jobid: 122 (Rule: nnlm_to_fcsv)
30 of 68 steps (44%) done
Execute 1 jobs...
[Tue Aug 11 15:22:27 2026]
localrule stereotaxy:
    input: sub-P353/ses-preop/afids-cnn/sub-P353_ses-preop_acq-ax_run-01_desc-afidscnn-nnlm_afids.fcsv
    output: sub-P353/ses-preop/stereotaxy/sub-P353_ses-preop_acq-ax_run-01_desc-fct_native.fcsv, sub-P353/ses-preop/stereotaxy/sub-P353_ses-preop_acq-ax_run-01_desc-fct_mcp.fcsv, work/sub-P353/ses-preop/ACPCtransforms/sub-P353_ses-preop_acq-ax_run-01_desc-transform_ACPC.txt
    jobid: 152
    reason: Missing output files: sub-P353/ses-preop/stereotaxy/sub-P353_ses-preop_acq-ax_run-01_desc-fct_native.fcsv; Input files updated by another job: sub-P353/ses-preop/afids-cnn/sub-P353_ses-preop_acq-ax_run-01_desc-afidscnn-nnlm_afids.fcsv
    wildcards: subject=P353, session=preop, acq=ax, run=01
    resources: tmpdir=/localscratch/tmp
Activating conda environment: ../../../../localscratch/.cache/autoafids/conda/7e9941e9acc1503fed10fd844ea3118b_
Select jobs to execute...
[Tue Aug 11 15:22:27 2026]
Finished jobid: 57 (Rule: nnlm_to_fcsv)
31 of 68 steps (46%) done
Execute 1 jobs...
[Tue Aug 11 15:22:28 2026]
localrule stereotaxy:
    input: sub-P277/ses-preop/afids-cnn/sub-P277_ses-preop_acq-ax_run-01_desc-afidscnn-nnlm_afids.fcsv
    output: sub-P277/ses-preop/stereotaxy/sub-P277_ses-preop_acq-ax_run-01_desc-fct_native.fcsv, sub-P277/ses-preop/stereotaxy/sub-P277_ses-preop_acq-ax_run-01_desc-fct_mcp.fcsv, work/sub-P277/ses-preop/ACPCtransforms/sub-P277_ses-preop_acq-ax_run-01_desc-transform_ACPC.txt
    jobid: 143
    reason: Missing output files: sub-P277/ses-preop/stereotaxy/sub-P277_ses-preop_acq-ax_run-01_desc-fct_native.fcsv; Input files updated by another job: sub-P277/ses-preop/afids-cnn/sub-P277_ses-preop_acq-ax_run-01_desc-afidscnn-nnlm_afids.fcsv
    wildcards: subject=P277, session=preop, acq=ax, run=01
    resources: tmpdir=/localscratch/tmp
Activating conda environment: ../../../../localscratch/.cache/autoafids/conda/7e9941e9acc1503fed10fd844ea3118b_
Select jobs to execute...
Activating conda environment: ../../../../localscratch/.cache/autoafids/conda/9b0ebefefdaf8f4c3064162c9af16ee6_
Activating conda environment: ../../../../localscratch/.cache/autoafids/conda/7e9941e9acc1503fed10fd844ea3118b_
Activating conda environment: ../../../../localscratch/.cache/autoafids/conda/7e9941e9acc1503fed10fd844ea3118b_
Activating conda environment: ../../../../localscratch/.cache/autoafids/conda/7e9941e9acc1503fed10fd844ea3118b_
[Tue Aug 11 15:22:29 2026]
Finished jobid: 97 (Rule: nnlm_to_fcsv)
32 of 68 steps (47%) done
Execute 1 jobs...
[Tue Aug 11 15:22:29 2026]
localrule stereotaxy:
    input: sub-P352/ses-preop/afids-cnn/sub-P352_ses-preop_acq-ax_run-01_desc-afidscnn-nnlm_afids.fcsv
    output: sub-P352/ses-preop/stereotaxy/sub-P352_ses-preop_acq-ax_run-01_desc-fct_native.fcsv, sub-P352/ses-preop/stereotaxy/sub-P352_ses-preop_acq-ax_run-01_desc-fct_mcp.fcsv, work/sub-P352/ses-preop/ACPCtransforms/sub-P352_ses-preop_acq-ax_run-01_desc-transform_ACPC.txt
    jobid: 151
    reason: Missing output files: sub-P352/ses-preop/stereotaxy/sub-P352_ses-preop_acq-ax_run-01_desc-fct_native.fcsv; Input files updated by another job: sub-P352/ses-preop/afids-cnn/sub-P352_ses-preop_acq-ax_run-01_desc-afidscnn-nnlm_afids.fcsv
    wildcards: subject=P352, session=preop, acq=ax, run=01
    resources: tmpdir=/localscratch/tmp
Activating conda environment: ../../../../localscratch/.cache/autoafids/conda/7e9941e9acc1503fed10fd844ea3118b_
Select jobs to execute...
[Tue Aug 11 15:22:30 2026]
Finished jobid: 134 (Rule: stereotaxy)
33 of 68 steps (49%) done
Activating conda environment: ../../../../localscratch/.cache/autoafids/conda/7e9941e9acc1503fed10fd844ea3118b_
Execute 1 jobs...
[Tue Aug 11 15:22:30 2026]
localrule stereotaxy:
    input: sub-P369/ses-preop/afids-cnn/sub-P369_ses-preop_acq-ax_run-01_desc-afidscnn-nnlm_afids.fcsv
    output: sub-P369/ses-preop/stereotaxy/sub-P369_ses-preop_acq-ax_run-01_desc-fct_native.fcsv, sub-P369/ses-preop/stereotaxy/sub-P369_ses-preop_acq-ax_run-01_desc-fct_mcp.fcsv, work/sub-P369/ses-preop/ACPCtransforms/sub-P369_ses-preop_acq-ax_run-01_desc-transform_ACPC.txt
    jobid: 156
    reason: Missing output files: sub-P369/ses-preop/stereotaxy/sub-P369_ses-preop_acq-ax_run-01_desc-fct_native.fcsv; Input files updated by another job: sub-P369/ses-preop/afids-cnn/sub-P369_ses-preop_acq-ax_run-01_desc-afidscnn-nnlm_afids.fcsv
    wildcards: subject=P369, session=preop, acq=ax, run=01
    resources: tmpdir=/localscratch/tmp
Activating conda environment: ../../../../localscratch/.cache/autoafids/conda/7e9941e9acc1503fed10fd844ea3118b_
Select jobs to execute...
[Tue Aug 11 15:22:30 2026]
Finished jobid: 152 (Rule: stereotaxy)
34 of 68 steps (50%) done
Activating conda environment: ../../../../localscratch/.cache/autoafids/conda/7e9941e9acc1503fed10fd844ea3118b_
[Tue Aug 11 15:22:31 2026]
Finished jobid: 143 (Rule: stereotaxy)
35 of 68 steps (51%) done
[Tue Aug 11 15:22:32 2026]
Finished jobid: 151 (Rule: stereotaxy)
36 of 68 steps (53%) done
[Tue Aug 11 15:22:33 2026]
Finished jobid: 156 (Rule: stereotaxy)
37 of 68 steps (54%) done
Execute 1 jobs...
[Tue Aug 11 15:22:33 2026]
localrule run_nnlm:
    input: work/sub-P355/ses-preop/resample/sub-P355_ses-preop_acq-ax_run-01_res-100_desc-zscore_T1w.nii.gz, /localscratch/.cache/autoafids/models/nnlm
    output: work/sub-P355/ses-preop/afids-nnlm/sub-P355_ses-preop_acq-ax_run-01_dseg.nii.gz, work/sub-P355/ses-preop/afids-nnlm/sub-P355_ses-preop_acq-ax_run-01_coords.json
    log: logs/sub-P355/ses-preop/sub-P355_ses-preop_acq-ax_run-01_nnlm.log
    jobid: 108
    reason: Missing output files: work/sub-P355/ses-preop/afids-nnlm/sub-P355_ses-preop_acq-ax_run-01_coords.json
    wildcards: subject=P355, session=preop, acq=ax, run=01
    threads: 4
    resources: tmpdir=/localscratch/tmp, gpus=0, mem_mb=16000, mem_mib=15259
Activating conda environment: ../../../../localscratch/.cache/autoafids/conda/6ee0e8c060cc6e84267c0f99faf11702_
Select jobs to execute...
[Tue Aug 11 15:25:18 2026]
Finished jobid: 118 (Rule: run_nnlm)
38 of 68 steps (56%) done
Execute 1 jobs...
[Tue Aug 11 15:25:18 2026]
localrule run_nnlm:
    input: work/sub-P293/ses-preop/resample/sub-P293_ses-preop_acq-ax_run-01_res-100_desc-zscore_T1w.nii.gz, /localscratch/.cache/autoafids/models/nnlm
    output: work/sub-P293/ses-preop/afids-nnlm/sub-P293_ses-preop_acq-ax_run-01_dseg.nii.gz, work/sub-P293/ses-preop/afids-nnlm/sub-P293_ses-preop_acq-ax_run-01_coords.json
    log: logs/sub-P293/ses-preop/sub-P293_ses-preop_acq-ax_run-01_nnlm.log
    jobid: 78
    reason: Missing output files: work/sub-P293/ses-preop/afids-nnlm/sub-P293_ses-preop_acq-ax_run-01_coords.json
    wildcards: subject=P293, session=preop, acq=ax, run=01
    threads: 4
    resources: tmpdir=/localscratch/tmp, gpus=0, mem_mb=16000, mem_mib=15259
Activating conda environment: ../../../../localscratch/.cache/autoafids/conda/6ee0e8c060cc6e84267c0f99faf11702_
Select jobs to execute...
[Tue Aug 11 15:25:58 2026]
Finished jobid: 88 (Rule: run_nnlm)
39 of 68 steps (57%) done
Execute 1 jobs...
[Tue Aug 11 15:25:58 2026]
localrule run_nnlm:
    input: work/sub-P374/ses-preop/resample/sub-P374_ses-preop_acq-ax_run-01_res-100_desc-zscore_T1w.nii.gz, /localscratch/.cache/autoafids/models/nnlm
    output: work/sub-P374/ses-preop/afids-nnlm/sub-P374_ses-preop_acq-ax_run-01_dseg.nii.gz, work/sub-P374/ses-preop/afids-nnlm/sub-P374_ses-preop_acq-ax_run-01_coords.json
    log: logs/sub-P374/ses-preop/sub-P374_ses-preop_acq-ax_run-01_nnlm.log
    jobid: 128
    reason: Missing output files: work/sub-P374/ses-preop/afids-nnlm/sub-P374_ses-preop_acq-ax_run-01_coords.json
    wildcards: subject=P374, session=preop, acq=ax, run=01
    threads: 4
    resources: tmpdir=/localscratch/tmp, gpus=0, mem_mb=16000, mem_mib=15259
Select jobs to execute...
Activating conda environment: ../../../../localscratch/.cache/autoafids/conda/6ee0e8c060cc6e84267c0f99faf11702_
[Tue Aug 11 15:29:28 2026]
Finished jobid: 108 (Rule: run_nnlm)
40 of 68 steps (59%) done
Execute 1 jobs...
[Tue Aug 11 15:29:28 2026]
localrule run_nnlm:
    input: work/sub-P214/ses-preop/resample/sub-P214_ses-preop_acq-ax_run-01_res-100_desc-zscore_T1w.nii.gz, /localscratch/.cache/autoafids/models/nnlm
    output: work/sub-P214/ses-preop/afids-nnlm/sub-P214_ses-preop_acq-ax_run-01_dseg.nii.gz, work/sub-P214/ses-preop/afids-nnlm/sub-P214_ses-preop_acq-ax_run-01_coords.json
    log: logs/sub-P214/ses-preop/sub-P214_ses-preop_acq-ax_run-01_nnlm.log
    jobid: 43
    reason: Missing output files: work/sub-P214/ses-preop/afids-nnlm/sub-P214_ses-preop_acq-ax_run-01_coords.json
    wildcards: subject=P214, session=preop, acq=ax, run=01
    threads: 4
    resources: tmpdir=/localscratch/tmp, gpus=0, mem_mb=16000, mem_mib=15259
Activating conda environment: ../../../../localscratch/.cache/autoafids/conda/6ee0e8c060cc6e84267c0f99faf11702_
Select jobs to execute...
[Tue Aug 11 15:32:17 2026]
Finished jobid: 78 (Rule: run_nnlm)
41 of 68 steps (60%) done
Execute 1 jobs...
[Tue Aug 11 15:32:17 2026]
localrule run_nnlm:
    input: work/sub-P205/ses-preop/resample/sub-P205_ses-preop_acq-ax_run-01_res-100_desc-zscore_T1w.nii.gz, /localscratch/.cache/autoafids/models/nnlm
    output: work/sub-P205/ses-preop/afids-nnlm/sub-P205_ses-preop_acq-ax_run-01_dseg.nii.gz, work/sub-P205/ses-preop/afids-nnlm/sub-P205_ses-preop_acq-ax_run-01_coords.json
    log: logs/sub-P205/ses-preop/sub-P205_ses-preop_acq-ax_run-01_nnlm.log
    jobid: 33
    reason: Missing output files: work/sub-P205/ses-preop/afids-nnlm/sub-P205_ses-preop_acq-ax_run-01_coords.json; Input files updated by another job: work/sub-P205/ses-preop/resample/sub-P205_ses-preop_acq-ax_run-01_res-100_desc-zscore_T1w.nii.gz
    wildcards: subject=P205, session=preop, acq=ax, run=01
    threads: 4
    resources: tmpdir=/localscratch/tmp, gpus=0, mem_mb=16000, mem_mib=15259
Select jobs to execute...
Activating conda environment: ../../../../localscratch/.cache/autoafids/conda/6ee0e8c060cc6e84267c0f99faf11702_
[Tue Aug 11 15:32:50 2026]
Finished jobid: 128 (Rule: run_nnlm)
42 of 68 steps (62%) done
Execute 4 jobs...
[Tue Aug 11 15:32:50 2026]
localrule nnlm_to_fcsv:
    input: work/sub-P293/ses-preop/afids-nnlm/sub-P293_ses-preop_acq-ax_run-01_coords.json, work/sub-P293/ses-preop/resample/sub-P293_ses-preop_acq-ax_run-01_res-100_desc-zscore_T1w.nii.gz
    output: sub-P293/ses-preop/afids-cnn/sub-P293_ses-preop_acq-ax_run-01_desc-afidscnn-nnlm_afids.fcsv
    jobid: 77
    reason: Missing output files: sub-P293/ses-preop/afids-cnn/sub-P293_ses-preop_acq-ax_run-01_desc-afidscnn-nnlm_afids.fcsv; Input files updated by another job: work/sub-P293/ses-preop/afids-nnlm/sub-P293_ses-preop_acq-ax_run-01_coords.json
    wildcards: subject=P293, session=preop, acq=ax, run=01
    resources: tmpdir=/localscratch/tmp
Activating conda environment: ../../../../localscratch/.cache/autoafids/conda/9b0ebefefdaf8f4c3064162c9af16ee6_
[Tue Aug 11 15:32:50 2026]
localrule nnlm_to_fcsv:
    input: work/sub-P367/ses-preop/afids-nnlm/sub-P367_ses-preop_acq-ax_run-01_coords.json, work/sub-P367/ses-preop/resample/sub-P367_ses-preop_acq-ax_run-01_res-100_desc-zscore_T1w.nii.gz
    output: sub-P367/ses-preop/afids-cnn/sub-P367_ses-preop_acq-ax_run-01_desc-afidscnn-nnlm_afids.fcsv
    jobid: 117
    reason: Missing output files: sub-P367/ses-preop/afids-cnn/sub-P367_ses-preop_acq-ax_run-01_desc-afidscnn-nnlm_afids.fcsv; Input files updated by another job: work/sub-P367/ses-preop/afids-nnlm/sub-P367_ses-preop_acq-ax_run-01_coords.json
    wildcards: subject=P367, session=preop, acq=ax, run=01
    resources: tmpdir=/localscratch/tmp
[Tue Aug 11 15:32:50 2026]
localrule nnlm_to_fcsv:
    input: work/sub-P328/ses-preop/afids-nnlm/sub-P328_ses-preop_acq-ax_run-01_coords.json, work/sub-P328/ses-preop/resample/sub-P328_ses-preop_acq-ax_run-01_res-100_desc-zscore_T1w.nii.gz
    output: sub-P328/ses-preop/afids-cnn/sub-P328_ses-preop_acq-ax_run-01_desc-afidscnn-nnlm_afids.fcsv
    jobid: 87
    reason: Missing output files: sub-P328/ses-preop/afids-cnn/sub-P328_ses-preop_acq-ax_run-01_desc-afidscnn-nnlm_afids.fcsv; Input files updated by another job: work/sub-P328/ses-preop/afids-nnlm/sub-P328_ses-preop_acq-ax_run-01_coords.json
    wildcards: subject=P328, session=preop, acq=ax, run=01
    resources: tmpdir=/localscratch/tmp
Activating conda environment: ../../../../localscratch/.cache/autoafids/conda/9b0ebefefdaf8f4c3064162c9af16ee6_
[Tue Aug 11 15:32:50 2026]
localrule nnlm_to_fcsv:
    input: work/sub-P355/ses-preop/afids-nnlm/sub-P355_ses-preop_acq-ax_run-01_coords.json, work/sub-P355/ses-preop/resample/sub-P355_ses-preop_acq-ax_run-01_res-100_desc-zscore_T1w.nii.gz
    output: sub-P355/ses-preop/afids-cnn/sub-P355_ses-preop_acq-ax_run-01_desc-afidscnn-nnlm_afids.fcsv
    jobid: 107
    reason: Missing output files: sub-P355/ses-preop/afids-cnn/sub-P355_ses-preop_acq-ax_run-01_desc-afidscnn-nnlm_afids.fcsv; Input files updated by another job: work/sub-P355/ses-preop/afids-nnlm/sub-P355_ses-preop_acq-ax_run-01_coords.json
    wildcards: subject=P355, session=preop, acq=ax, run=01
    resources: tmpdir=/localscratch/tmp
Activating conda environment: ../../../../localscratch/.cache/autoafids/conda/9b0ebefefdaf8f4c3064162c9af16ee6_
Select jobs to execute...
Activating conda environment: ../../../../localscratch/.cache/autoafids/conda/9b0ebefefdaf8f4c3064162c9af16ee6_
Activating conda environment: ../../../../localscratch/.cache/autoafids/conda/9b0ebefefdaf8f4c3064162c9af16ee6_
Activating conda environment: ../../../../localscratch/.cache/autoafids/conda/9b0ebefefdaf8f4c3064162c9af16ee6_
Activating conda environment: ../../../../localscratch/.cache/autoafids/conda/9b0ebefefdaf8f4c3064162c9af16ee6_
Activating conda environment: ../../../../localscratch/.cache/autoafids/conda/9b0ebefefdaf8f4c3064162c9af16ee6_
[Tue Aug 11 15:32:52 2026]
Finished jobid: 107 (Rule: nnlm_to_fcsv)
43 of 68 steps (63%) done
Execute 1 jobs...
[Tue Aug 11 15:32:52 2026]
localrule stereotaxy:
    input: sub-P355/ses-preop/afids-cnn/sub-P355_ses-preop_acq-ax_run-01_desc-afidscnn-nnlm_afids.fcsv
    output: sub-P355/ses-preop/stereotaxy/sub-P355_ses-preop_acq-ax_run-01_desc-fct_native.fcsv, sub-P355/ses-preop/stereotaxy/sub-P355_ses-preop_acq-ax_run-01_desc-fct_mcp.fcsv, work/sub-P355/ses-preop/ACPCtransforms/sub-P355_ses-preop_acq-ax_run-01_desc-transform_ACPC.txt
    jobid: 153
    reason: Missing output files: sub-P355/ses-preop/stereotaxy/sub-P355_ses-preop_acq-ax_run-01_desc-fct_native.fcsv; Input files updated by another job: sub-P355/ses-preop/afids-cnn/sub-P355_ses-preop_acq-ax_run-01_desc-afidscnn-nnlm_afids.fcsv
    wildcards: subject=P355, session=preop, acq=ax, run=01
    resources: tmpdir=/localscratch/tmp
Activating conda environment: ../../../../localscratch/.cache/autoafids/conda/7e9941e9acc1503fed10fd844ea3118b_
[Tue Aug 11 15:32:52 2026]
Finished jobid: 87 (Rule: nnlm_to_fcsv)
44 of 68 steps (65%) done
Select jobs to execute...
Execute 1 jobs...
[Tue Aug 11 15:32:52 2026]
localrule stereotaxy:
    input: sub-P328/ses-preop/afids-cnn/sub-P328_ses-preop_acq-ax_run-01_desc-afidscnn-nnlm_afids.fcsv
    output: sub-P328/ses-preop/stereotaxy/sub-P328_ses-preop_acq-ax_run-01_desc-fct_native.fcsv, sub-P328/ses-preop/stereotaxy/sub-P328_ses-preop_acq-ax_run-01_desc-fct_mcp.fcsv, work/sub-P328/ses-preop/ACPCtransforms/sub-P328_ses-preop_acq-ax_run-01_desc-transform_ACPC.txt
    jobid: 149
    reason: Missing output files: sub-P328/ses-preop/stereotaxy/sub-P328_ses-preop_acq-ax_run-01_desc-fct_native.fcsv; Input files updated by another job: sub-P328/ses-preop/afids-cnn/sub-P328_ses-preop_acq-ax_run-01_desc-afidscnn-nnlm_afids.fcsv
    wildcards: subject=P328, session=preop, acq=ax, run=01
    resources: tmpdir=/localscratch/tmp
Activating conda environment: ../../../../localscratch/.cache/autoafids/conda/7e9941e9acc1503fed10fd844ea3118b_
Select jobs to execute...
[Tue Aug 11 15:32:52 2026]
Finished jobid: 117 (Rule: nnlm_to_fcsv)
45 of 68 steps (66%) done
Execute 1 jobs...
[Tue Aug 11 15:32:52 2026]
localrule stereotaxy:
    input: sub-P367/ses-preop/afids-cnn/sub-P367_ses-preop_acq-ax_run-01_desc-afidscnn-nnlm_afids.fcsv
    output: sub-P367/ses-preop/stereotaxy/sub-P367_ses-preop_acq-ax_run-01_desc-fct_native.fcsv, sub-P367/ses-preop/stereotaxy/sub-P367_ses-preop_acq-ax_run-01_desc-fct_mcp.fcsv, work/sub-P367/ses-preop/ACPCtransforms/sub-P367_ses-preop_acq-ax_run-01_desc-transform_ACPC.txt
    jobid: 155
    reason: Missing output files: sub-P367/ses-preop/stereotaxy/sub-P367_ses-preop_acq-ax_run-01_desc-fct_native.fcsv; Input files updated by another job: sub-P367/ses-preop/afids-cnn/sub-P367_ses-preop_acq-ax_run-01_desc-afidscnn-nnlm_afids.fcsv
    wildcards: subject=P367, session=preop, acq=ax, run=01
    resources: tmpdir=/localscratch/tmp
Activating conda environment: ../../../../localscratch/.cache/autoafids/conda/7e9941e9acc1503fed10fd844ea3118b_
Select jobs to execute...
[Tue Aug 11 15:32:52 2026]
Finished jobid: 77 (Rule: nnlm_to_fcsv)
46 of 68 steps (68%) done
Execute 1 jobs...
[Tue Aug 11 15:32:52 2026]
localrule stereotaxy:
    input: sub-P293/ses-preop/afids-cnn/sub-P293_ses-preop_acq-ax_run-01_desc-afidscnn-nnlm_afids.fcsv
    output: sub-P293/ses-preop/stereotaxy/sub-P293_ses-preop_acq-ax_run-01_desc-fct_native.fcsv, sub-P293/ses-preop/stereotaxy/sub-P293_ses-preop_acq-ax_run-01_desc-fct_mcp.fcsv, work/sub-P293/ses-preop/ACPCtransforms/sub-P293_ses-preop_acq-ax_run-01_desc-transform_ACPC.txt
    jobid: 147
    reason: Missing output files: sub-P293/ses-preop/stereotaxy/sub-P293_ses-preop_acq-ax_run-01_desc-fct_native.fcsv; Input files updated by another job: sub-P293/ses-preop/afids-cnn/sub-P293_ses-preop_acq-ax_run-01_desc-afidscnn-nnlm_afids.fcsv
    wildcards: subject=P293, session=preop, acq=ax, run=01
    resources: tmpdir=/localscratch/tmp
Activating conda environment: ../../../../localscratch/.cache/autoafids/conda/7e9941e9acc1503fed10fd844ea3118b_
Activating conda environment: ../../../../localscratch/.cache/autoafids/conda/7e9941e9acc1503fed10fd844ea3118b_
Select jobs to execute...
Activating conda environment: ../../../../localscratch/.cache/autoafids/conda/7e9941e9acc1503fed10fd844ea3118b_
Activating conda environment: ../../../../localscratch/.cache/autoafids/conda/7e9941e9acc1503fed10fd844ea3118b_
Activating conda environment: ../../../../localscratch/.cache/autoafids/conda/7e9941e9acc1503fed10fd844ea3118b_
[Tue Aug 11 15:32:54 2026]
Finished jobid: 153 (Rule: stereotaxy)
47 of 68 steps (69%) done
Execute 1 jobs...
[Tue Aug 11 15:32:55 2026]
localrule nnlm_to_fcsv:
    input: work/sub-P374/ses-preop/afids-nnlm/sub-P374_ses-preop_acq-ax_run-01_coords.json, work/sub-P374/ses-preop/resample/sub-P374_ses-preop_acq-ax_run-01_res-100_desc-zscore_T1w.nii.gz
    output: sub-P374/ses-preop/afids-cnn/sub-P374_ses-preop_acq-ax_run-01_desc-afidscnn-nnlm_afids.fcsv
    jobid: 127
    reason: Missing output files: sub-P374/ses-preop/afids-cnn/sub-P374_ses-preop_acq-ax_run-01_desc-afidscnn-nnlm_afids.fcsv; Input files updated by another job: work/sub-P374/ses-preop/afids-nnlm/sub-P374_ses-preop_acq-ax_run-01_coords.json
    wildcards: subject=P374, session=preop, acq=ax, run=01
    resources: tmpdir=/localscratch/tmp
Activating conda environment: ../../../../localscratch/.cache/autoafids/conda/9b0ebefefdaf8f4c3064162c9af16ee6_
[Tue Aug 11 15:32:55 2026]
Finished jobid: 155 (Rule: stereotaxy)
48 of 68 steps (71%) done
Select jobs to execute...
Activating conda environment: ../../../../localscratch/.cache/autoafids/conda/9b0ebefefdaf8f4c3064162c9af16ee6_
[Tue Aug 11 15:32:56 2026]
Finished jobid: 149 (Rule: stereotaxy)
49 of 68 steps (72%) done
[Tue Aug 11 15:32:56 2026]
Finished jobid: 147 (Rule: stereotaxy)
50 of 68 steps (74%) done
[Tue Aug 11 15:32:57 2026]
Finished jobid: 127 (Rule: nnlm_to_fcsv)
51 of 68 steps (75%) done
Execute 1 jobs...
[Tue Aug 11 15:32:57 2026]
localrule run_nnlm:
    input: work/sub-P281/ses-preop/resample/sub-P281_ses-preop_acq-ax_run-01_res-100_desc-zscore_T1w.nii.gz, /localscratch/.cache/autoafids/models/nnlm
    output: work/sub-P281/ses-preop/afids-nnlm/sub-P281_ses-preop_acq-ax_run-01_dseg.nii.gz, work/sub-P281/ses-preop/afids-nnlm/sub-P281_ses-preop_acq-ax_run-01_coords.json
    log: logs/sub-P281/ses-preop/sub-P281_ses-preop_acq-ax_run-01_nnlm.log
    jobid: 63
    reason: Missing output files: work/sub-P281/ses-preop/afids-nnlm/sub-P281_ses-preop_acq-ax_run-01_coords.json
    wildcards: subject=P281, session=preop, acq=ax, run=01
    threads: 4
    resources: tmpdir=/localscratch/tmp, gpus=0, mem_mb=16000, mem_mib=15259
Activating conda environment: ../../../../localscratch/.cache/autoafids/conda/6ee0e8c060cc6e84267c0f99faf11702_
Select jobs to execute...
[Tue Aug 11 15:36:10 2026]
Finished jobid: 43 (Rule: run_nnlm)
52 of 68 steps (76%) done
Execute 1 jobs...
[Tue Aug 11 15:36:10 2026]
localrule run_nnlm:
    input: work/sub-P310/ses-preop/resample/sub-P310_ses-preop_acq-ax_run-01_res-100_desc-zscore_T1w.nii.gz, /localscratch/.cache/autoafids/models/nnlm
    output: work/sub-P310/ses-preop/afids-nnlm/sub-P310_ses-preop_acq-ax_run-01_dseg.nii.gz, work/sub-P310/ses-preop/afids-nnlm/sub-P310_ses-preop_acq-ax_run-01_coords.json
    log: logs/sub-P310/ses-preop/sub-P310_ses-preop_acq-ax_run-01_nnlm.log
    jobid: 83
    reason: Missing output files: work/sub-P310/ses-preop/afids-nnlm/sub-P310_ses-preop_acq-ax_run-01_coords.json
    wildcards: subject=P310, session=preop, acq=ax, run=01
    threads: 4
    resources: tmpdir=/localscratch/tmp, gpus=0, mem_mb=16000, mem_mib=15259
Activating conda environment: ../../../../localscratch/.cache/autoafids/conda/6ee0e8c060cc6e84267c0f99faf11702_
Select jobs to execute...
[Tue Aug 11 15:39:30 2026]
Finished jobid: 33 (Rule: run_nnlm)
53 of 68 steps (78%) done
Execute 1 jobs...
[Tue Aug 11 15:39:30 2026]
localrule run_nnlm:
    input: work/sub-P359/ses-preop/resample/sub-P359_ses-preop_acq-ax_run-01_res-100_desc-zscore_T1w.nii.gz, /localscratch/.cache/autoafids/models/nnlm
    output: work/sub-P359/ses-preop/afids-nnlm/sub-P359_ses-preop_acq-ax_run-01_dseg.nii.gz, work/sub-P359/ses-preop/afids-nnlm/sub-P359_ses-preop_acq-ax_run-01_coords.json
    log: logs/sub-P359/ses-preop/sub-P359_ses-preop_acq-ax_run-01_nnlm.log
    jobid: 113
    reason: Missing output files: work/sub-P359/ses-preop/afids-nnlm/sub-P359_ses-preop_acq-ax_run-01_coords.json
    wildcards: subject=P359, session=preop, acq=ax, run=01
    threads: 4
    resources: tmpdir=/localscratch/tmp, gpus=0, mem_mb=16000, mem_mib=15259
Activating conda environment: ../../../../localscratch/.cache/autoafids/conda/6ee0e8c060cc6e84267c0f99faf11702_
Select jobs to execute...
[Tue Aug 11 15:40:32 2026]
Finished jobid: 63 (Rule: run_nnlm)
54 of 68 steps (79%) done
Execute 4 jobs...
[Tue Aug 11 15:40:32 2026]
localrule stereotaxy:
    input: sub-P374/ses-preop/afids-cnn/sub-P374_ses-preop_acq-ax_run-01_desc-afidscnn-nnlm_afids.fcsv
    output: sub-P374/ses-preop/stereotaxy/sub-P374_ses-preop_acq-ax_run-01_desc-fct_native.fcsv, sub-P374/ses-preop/stereotaxy/sub-P374_ses-preop_acq-ax_run-01_desc-fct_mcp.fcsv, work/sub-P374/ses-preop/ACPCtransforms/sub-P374_ses-preop_acq-ax_run-01_desc-transform_ACPC.txt
    jobid: 157
    reason: Missing output files: sub-P374/ses-preop/stereotaxy/sub-P374_ses-preop_acq-ax_run-01_desc-fct_native.fcsv; Input files updated by another job: sub-P374/ses-preop/afids-cnn/sub-P374_ses-preop_acq-ax_run-01_desc-afidscnn-nnlm_afids.fcsv
    wildcards: subject=P374, session=preop, acq=ax, run=01
    resources: tmpdir=/localscratch/tmp
[Tue Aug 11 15:40:32 2026]
localrule nnlm_to_fcsv:
    input: work/sub-P281/ses-preop/afids-nnlm/sub-P281_ses-preop_acq-ax_run-01_coords.json, work/sub-P281/ses-preop/resample/sub-P281_ses-preop_acq-ax_run-01_res-100_desc-zscore_T1w.nii.gz
    output: sub-P281/ses-preop/afids-cnn/sub-P281_ses-preop_acq-ax_run-01_desc-afidscnn-nnlm_afids.fcsv
    jobid: 62
    reason: Missing output files: sub-P281/ses-preop/afids-cnn/sub-P281_ses-preop_acq-ax_run-01_desc-afidscnn-nnlm_afids.fcsv; Input files updated by another job: work/sub-P281/ses-preop/afids-nnlm/sub-P281_ses-preop_acq-ax_run-01_coords.json
    wildcards: subject=P281, session=preop, acq=ax, run=01
    resources: tmpdir=/localscratch/tmp
Activating conda environment: ../../../../localscratch/.cache/autoafids/conda/7e9941e9acc1503fed10fd844ea3118b_
[Tue Aug 11 15:40:32 2026]
localrule nnlm_to_fcsv:
    input: work/sub-P205/ses-preop/afids-nnlm/sub-P205_ses-preop_acq-ax_run-01_coords.json, work/sub-P205/ses-preop/resample/sub-P205_ses-preop_acq-ax_run-01_res-100_desc-zscore_T1w.nii.gz
    output: sub-P205/ses-preop/afids-cnn/sub-P205_ses-preop_acq-ax_run-01_desc-afidscnn-nnlm_afids.fcsv
    jobid: 32
    reason: Missing output files: sub-P205/ses-preop/afids-cnn/sub-P205_ses-preop_acq-ax_run-01_desc-afidscnn-nnlm_afids.fcsv; Input files updated by another job: work/sub-P205/ses-preop/afids-nnlm/sub-P205_ses-preop_acq-ax_run-01_coords.json, work/sub-P205/ses-preop/resample/sub-P205_ses-preop_acq-ax_run-01_res-100_desc-zscore_T1w.nii.gz
    wildcards: subject=P205, session=preop, acq=ax, run=01
    resources: tmpdir=/localscratch/tmp
[Tue Aug 11 15:40:32 2026]
localrule nnlm_to_fcsv:
    input: work/sub-P214/ses-preop/afids-nnlm/sub-P214_ses-preop_acq-ax_run-01_coords.json, work/sub-P214/ses-preop/resample/sub-P214_ses-preop_acq-ax_run-01_res-100_desc-zscore_T1w.nii.gz
    output: sub-P214/ses-preop/afids-cnn/sub-P214_ses-preop_acq-ax_run-01_desc-afidscnn-nnlm_afids.fcsv
    jobid: 42
    reason: Missing output files: sub-P214/ses-preop/afids-cnn/sub-P214_ses-preop_acq-ax_run-01_desc-afidscnn-nnlm_afids.fcsv; Input files updated by another job: work/sub-P214/ses-preop/afids-nnlm/sub-P214_ses-preop_acq-ax_run-01_coords.json
    wildcards: subject=P214, session=preop, acq=ax, run=01
    resources: tmpdir=/localscratch/tmp
Activating conda environment: ../../../../localscratch/.cache/autoafids/conda/9b0ebefefdaf8f4c3064162c9af16ee6_
Activating conda environment: ../../../../localscratch/.cache/autoafids/conda/9b0ebefefdaf8f4c3064162c9af16ee6_
Activating conda environment: ../../../../localscratch/.cache/autoafids/conda/9b0ebefefdaf8f4c3064162c9af16ee6_
Activating conda environment: ../../../../localscratch/.cache/autoafids/conda/7e9941e9acc1503fed10fd844ea3118b_
Activating conda environment: ../../../../localscratch/.cache/autoafids/conda/9b0ebefefdaf8f4c3064162c9af16ee6_
Activating conda environment: ../../../../localscratch/.cache/autoafids/conda/9b0ebefefdaf8f4c3064162c9af16ee6_
Activating conda environment: ../../../../localscratch/.cache/autoafids/conda/9b0ebefefdaf8f4c3064162c9af16ee6_
[Tue Aug 11 15:40:34 2026]
Finished jobid: 32 (Rule: nnlm_to_fcsv)
55 of 68 steps (81%) done
Select jobs to execute...
Execute 1 jobs...
[Tue Aug 11 15:40:34 2026]
localrule stereotaxy:
    input: sub-P205/ses-preop/afids-cnn/sub-P205_ses-preop_acq-ax_run-01_desc-afidscnn-nnlm_afids.fcsv
    output: sub-P205/ses-preop/stereotaxy/sub-P205_ses-preop_acq-ax_run-01_desc-fct_native.fcsv, sub-P205/ses-preop/stereotaxy/sub-P205_ses-preop_acq-ax_run-01_desc-fct_mcp.fcsv, work/sub-P205/ses-preop/ACPCtransforms/sub-P205_ses-preop_acq-ax_run-01_desc-transform_ACPC.txt
    jobid: 138
    reason: Missing output files: sub-P205/ses-preop/stereotaxy/sub-P205_ses-preop_acq-ax_run-01_desc-fct_native.fcsv; Input files updated by another job: sub-P205/ses-preop/afids-cnn/sub-P205_ses-preop_acq-ax_run-01_desc-afidscnn-nnlm_afids.fcsv
    wildcards: subject=P205, session=preop, acq=ax, run=01
    resources: tmpdir=/localscratch/tmp
Activating conda environment: ../../../../localscratch/.cache/autoafids/conda/7e9941e9acc1503fed10fd844ea3118b_
[Tue Aug 11 15:40:34 2026]
Finished jobid: 42 (Rule: nnlm_to_fcsv)
56 of 68 steps (82%) done
Select jobs to execute...
Execute 1 jobs...
[Tue Aug 11 15:40:34 2026]
localrule stereotaxy:
    input: sub-P214/ses-preop/afids-cnn/sub-P214_ses-preop_acq-ax_run-01_desc-afidscnn-nnlm_afids.fcsv
    output: sub-P214/ses-preop/stereotaxy/sub-P214_ses-preop_acq-ax_run-01_desc-fct_native.fcsv, sub-P214/ses-preop/stereotaxy/sub-P214_ses-preop_acq-ax_run-01_desc-fct_mcp.fcsv, work/sub-P214/ses-preop/ACPCtransforms/sub-P214_ses-preop_acq-ax_run-01_desc-transform_ACPC.txt
    jobid: 140
    reason: Missing output files: sub-P214/ses-preop/stereotaxy/sub-P214_ses-preop_acq-ax_run-01_desc-fct_native.fcsv; Input files updated by another job: sub-P214/ses-preop/afids-cnn/sub-P214_ses-preop_acq-ax_run-01_desc-afidscnn-nnlm_afids.fcsv
    wildcards: subject=P214, session=preop, acq=ax, run=01
    resources: tmpdir=/localscratch/tmp
Activating conda environment: ../../../../localscratch/.cache/autoafids/conda/7e9941e9acc1503fed10fd844ea3118b_
[Tue Aug 11 15:40:35 2026]
Finished jobid: 62 (Rule: nnlm_to_fcsv)
57 of 68 steps (84%) done
Select jobs to execute...
Execute 1 jobs...
[Tue Aug 11 15:40:35 2026]
localrule stereotaxy:
    input: sub-P281/ses-preop/afids-cnn/sub-P281_ses-preop_acq-ax_run-01_desc-afidscnn-nnlm_afids.fcsv
    output: sub-P281/ses-preop/stereotaxy/sub-P281_ses-preop_acq-ax_run-01_desc-fct_native.fcsv, sub-P281/ses-preop/stereotaxy/sub-P281_ses-preop_acq-ax_run-01_desc-fct_mcp.fcsv, work/sub-P281/ses-preop/ACPCtransforms/sub-P281_ses-preop_acq-ax_run-01_desc-transform_ACPC.txt
    jobid: 144
    reason: Missing output files: sub-P281/ses-preop/stereotaxy/sub-P281_ses-preop_acq-ax_run-01_desc-fct_native.fcsv; Input files updated by another job: sub-P281/ses-preop/afids-cnn/sub-P281_ses-preop_acq-ax_run-01_desc-afidscnn-nnlm_afids.fcsv
    wildcards: subject=P281, session=preop, acq=ax, run=01
    resources: tmpdir=/localscratch/tmp
Activating conda environment: ../../../../localscratch/.cache/autoafids/conda/7e9941e9acc1503fed10fd844ea3118b_
Activating conda environment: ../../../../localscratch/.cache/autoafids/conda/7e9941e9acc1503fed10fd844ea3118b_
[Tue Aug 11 15:40:35 2026]
Finished jobid: 157 (Rule: stereotaxy)
58 of 68 steps (85%) done
Activating conda environment: ../../../../localscratch/.cache/autoafids/conda/7e9941e9acc1503fed10fd844ea3118b_
Activating conda environment: ../../../../localscratch/.cache/autoafids/conda/7e9941e9acc1503fed10fd844ea3118b_
[Tue Aug 11 15:40:37 2026]
Finished jobid: 138 (Rule: stereotaxy)
59 of 68 steps (87%) done
[Tue Aug 11 15:40:37 2026]
Finished jobid: 140 (Rule: stereotaxy)
60 of 68 steps (88%) done
[Tue Aug 11 15:40:38 2026]
Finished jobid: 144 (Rule: stereotaxy)
61 of 68 steps (90%) done
[Tue Aug 11 15:43:12 2026]
Finished jobid: 83 (Rule: run_nnlm)
62 of 68 steps (91%) done
Select jobs to execute...
Execute 1 jobs...
[Tue Aug 11 15:43:12 2026]
localrule nnlm_to_fcsv:
    input: work/sub-P310/ses-preop/afids-nnlm/sub-P310_ses-preop_acq-ax_run-01_coords.json, work/sub-P310/ses-preop/resample/sub-P310_ses-preop_acq-ax_run-01_res-100_desc-zscore_T1w.nii.gz
    output: sub-P310/ses-preop/afids-cnn/sub-P310_ses-preop_acq-ax_run-01_desc-afidscnn-nnlm_afids.fcsv
    jobid: 82
    reason: Missing output files: sub-P310/ses-preop/afids-cnn/sub-P310_ses-preop_acq-ax_run-01_desc-afidscnn-nnlm_afids.fcsv; Input files updated by another job: work/sub-P310/ses-preop/afids-nnlm/sub-P310_ses-preop_acq-ax_run-01_coords.json
    wildcards: subject=P310, session=preop, acq=ax, run=01
    resources: tmpdir=/localscratch/tmp
Activating conda environment: ../../../../localscratch/.cache/autoafids/conda/9b0ebefefdaf8f4c3064162c9af16ee6_
Activating conda environment: ../../../../localscratch/.cache/autoafids/conda/9b0ebefefdaf8f4c3064162c9af16ee6_
[Tue Aug 11 15:43:13 2026]
Finished jobid: 82 (Rule: nnlm_to_fcsv)
63 of 68 steps (93%) done
Select jobs to execute...
Execute 1 jobs...
[Tue Aug 11 15:43:13 2026]
localrule stereotaxy:
    input: sub-P310/ses-preop/afids-cnn/sub-P310_ses-preop_acq-ax_run-01_desc-afidscnn-nnlm_afids.fcsv
    output: sub-P310/ses-preop/stereotaxy/sub-P310_ses-preop_acq-ax_run-01_desc-fct_native.fcsv, sub-P310/ses-preop/stereotaxy/sub-P310_ses-preop_acq-ax_run-01_desc-fct_mcp.fcsv, work/sub-P310/ses-preop/ACPCtransforms/sub-P310_ses-preop_acq-ax_run-01_desc-transform_ACPC.txt
    jobid: 148
    reason: Missing output files: sub-P310/ses-preop/stereotaxy/sub-P310_ses-preop_acq-ax_run-01_desc-fct_native.fcsv; Input files updated by another job: sub-P310/ses-preop/afids-cnn/sub-P310_ses-preop_acq-ax_run-01_desc-afidscnn-nnlm_afids.fcsv
    wildcards: subject=P310, session=preop, acq=ax, run=01
    resources: tmpdir=/localscratch/tmp
Activating conda environment: ../../../../localscratch/.cache/autoafids/conda/7e9941e9acc1503fed10fd844ea3118b_
Activating conda environment: ../../../../localscratch/.cache/autoafids/conda/7e9941e9acc1503fed10fd844ea3118b_
[Tue Aug 11 15:43:15 2026]
Finished jobid: 148 (Rule: stereotaxy)
64 of 68 steps (94%) done
[Tue Aug 11 15:44:22 2026]
Finished jobid: 113 (Rule: run_nnlm)
65 of 68 steps (96%) done
Select jobs to execute...
Execute 1 jobs...
[Tue Aug 11 15:44:22 2026]
localrule nnlm_to_fcsv:
    input: work/sub-P359/ses-preop/afids-nnlm/sub-P359_ses-preop_acq-ax_run-01_coords.json, work/sub-P359/ses-preop/resample/sub-P359_ses-preop_acq-ax_run-01_res-100_desc-zscore_T1w.nii.gz
    output: sub-P359/ses-preop/afids-cnn/sub-P359_ses-preop_acq-ax_run-01_desc-afidscnn-nnlm_afids.fcsv
    jobid: 112
    reason: Missing output files: sub-P359/ses-preop/afids-cnn/sub-P359_ses-preop_acq-ax_run-01_desc-afidscnn-nnlm_afids.fcsv; Input files updated by another job: work/sub-P359/ses-preop/afids-nnlm/sub-P359_ses-preop_acq-ax_run-01_coords.json
    wildcards: subject=P359, session=preop, acq=ax, run=01
    resources: tmpdir=/localscratch/tmp
Activating conda environment: ../../../../localscratch/.cache/autoafids/conda/9b0ebefefdaf8f4c3064162c9af16ee6_
Activating conda environment: ../../../../localscratch/.cache/autoafids/conda/9b0ebefefdaf8f4c3064162c9af16ee6_
[Tue Aug 11 15:44:23 2026]
Finished jobid: 112 (Rule: nnlm_to_fcsv)
66 of 68 steps (97%) done
Select jobs to execute...
Execute 1 jobs...
[Tue Aug 11 15:44:23 2026]
localrule stereotaxy:
    input: sub-P359/ses-preop/afids-cnn/sub-P359_ses-preop_acq-ax_run-01_desc-afidscnn-nnlm_afids.fcsv
    output: sub-P359/ses-preop/stereotaxy/sub-P359_ses-preop_acq-ax_run-01_desc-fct_native.fcsv, sub-P359/ses-preop/stereotaxy/sub-P359_ses-preop_acq-ax_run-01_desc-fct_mcp.fcsv, work/sub-P359/ses-preop/ACPCtransforms/sub-P359_ses-preop_acq-ax_run-01_desc-transform_ACPC.txt
    jobid: 154
    reason: Missing output files: sub-P359/ses-preop/stereotaxy/sub-P359_ses-preop_acq-ax_run-01_desc-fct_native.fcsv; Input files updated by another job: sub-P359/ses-preop/afids-cnn/sub-P359_ses-preop_acq-ax_run-01_desc-afidscnn-nnlm_afids.fcsv
    wildcards: subject=P359, session=preop, acq=ax, run=01
    resources: tmpdir=/localscratch/tmp
Activating conda environment: ../../../../localscratch/.cache/autoafids/conda/7e9941e9acc1503fed10fd844ea3118b_
Activating conda environment: ../../../../localscratch/.cache/autoafids/conda/7e9941e9acc1503fed10fd844ea3118b_
[Tue Aug 11 15:44:24 2026]
Finished jobid: 154 (Rule: stereotaxy)
67 of 68 steps (99%) done
Select jobs to execute...
Execute 1 jobs...
[Tue Aug 11 15:44:24 2026]
localrule all:
    input: sub-P165/ses-preop/afids-cnn/sub-P165_ses-preop_acq-ax_run-01_desc-afidscnn-nnlm_afids.fcsv, sub-P167/ses-preop/afids-cnn/sub-P167_ses-preop_acq-ax_run-01_desc-afidscnn-nnlm_afids.fcsv, sub-P175/ses-preop/afids-cnn/sub-P175_ses-preop_acq-ax_run-01_desc-afidscnn-nnlm_afids.fcsv, sub-P182/ses-preop/afids-cnn/sub-P182_ses-preop_acq-ax_run-01_desc-afidscnn-nnlm_afids.fcsv, sub-P193/ses-preop/afids-cnn/sub-P193_ses-preop_acq-ax_run-01_desc-afidscnn-nnlm_afids.fcsv, sub-P202/ses-preop/afids-cnn/sub-P202_ses-preop_acq-ax_run-01_desc-afidscnn-nnlm_afids.fcsv, sub-P205/ses-preop/afids-cnn/sub-P205_ses-preop_acq-ax_run-01_desc-afidscnn-nnlm_afids.fcsv, sub-P213/ses-preop/afids-cnn/sub-P213_ses-preop_acq-ax_run-01_desc-afidscnn-nnlm_afids.fcsv, sub-P214/ses-preop/afids-cnn/sub-P214_ses-preop_acq-ax_run-01_desc-afidscnn-nnlm_afids.fcsv, sub-P221/ses-preop/afids-cnn/sub-P221_ses-preop_acq-ax_run-01_desc-afidscnn-nnlm_afids.fcsv, sub-P256/ses-preop/afids-cnn/sub-P256_ses-preop_acq-ax_run-01_desc-afidscnn-nnlm_afids.fcsv, sub-P277/ses-preop/afids-cnn/sub-P277_ses-preop_acq-ax_run-01_desc-afidscnn-nnlm_afids.fcsv, sub-P281/ses-preop/afids-cnn/sub-P281_ses-preop_acq-ax_run-01_desc-afidscnn-nnlm_afids.fcsv, sub-P289/ses-preop/afids-cnn/sub-P289_ses-preop_acq-ax_run-01_desc-afidscnn-nnlm_afids.fcsv, sub-P292/ses-preop/afids-cnn/sub-P292_ses-preop_acq-ax_run-01_desc-afidscnn-nnlm_afids.fcsv, sub-P293/ses-preop/afids-cnn/sub-P293_ses-preop_acq-ax_run-01_desc-afidscnn-nnlm_afids.fcsv, sub-P310/ses-preop/afids-cnn/sub-P310_ses-preop_acq-ax_run-01_desc-afidscnn-nnlm_afids.fcsv, sub-P328/ses-preop/afids-cnn/sub-P328_ses-preop_acq-ax_run-01_desc-afidscnn-nnlm_afids.fcsv, sub-P350/ses-preop/afids-cnn/sub-P350_ses-preop_acq-ax_run-01_desc-afidscnn-nnlm_afids.fcsv, sub-P352/ses-preop/afids-cnn/sub-P352_ses-preop_acq-ax_run-01_desc-afidscnn-nnlm_afids.fcsv, sub-P353/ses-preop/afids-cnn/sub-P353_ses-preop_acq-ax_run-01_desc-afidscnn-nnlm_afids.fcsv, sub-P355/ses-preop/afids-cnn/sub-P355_ses-preop_acq-ax_run-01_desc-afidscnn-nnlm_afids.fcsv, sub-P359/ses-preop/afids-cnn/sub-P359_ses-preop_acq-ax_run-01_desc-afidscnn-nnlm_afids.fcsv, sub-P367/ses-preop/afids-cnn/sub-P367_ses-preop_acq-ax_run-01_desc-afidscnn-nnlm_afids.fcsv, sub-P369/ses-preop/afids-cnn/sub-P369_ses-preop_acq-ax_run-01_desc-afidscnn-nnlm_afids.fcsv, sub-P374/ses-preop/afids-cnn/sub-P374_ses-preop_acq-ax_run-01_desc-afidscnn-nnlm_afids.fcsv, sub-P165/ses-preop/stereotaxy/sub-P165_ses-preop_acq-ax_run-01_desc-fct_native.fcsv, sub-P167/ses-preop/stereotaxy/sub-P167_ses-preop_acq-ax_run-01_desc-fct_native.fcsv, sub-P175/ses-preop/stereotaxy/sub-P175_ses-preop_acq-ax_run-01_desc-fct_native.fcsv, sub-P182/ses-preop/stereotaxy/sub-P182_ses-preop_acq-ax_run-01_desc-fct_native.fcsv, sub-P193/ses-preop/stereotaxy/sub-P193_ses-preop_acq-ax_run-01_desc-fct_native.fcsv, sub-P202/ses-preop/stereotaxy/sub-P202_ses-preop_acq-ax_run-01_desc-fct_native.fcsv, sub-P205/ses-preop/stereotaxy/sub-P205_ses-preop_acq-ax_run-01_desc-fct_native.fcsv, sub-P213/ses-preop/stereotaxy/sub-P213_ses-preop_acq-ax_run-01_desc-fct_native.fcsv, sub-P214/ses-preop/stereotaxy/sub-P214_ses-preop_acq-ax_run-01_desc-fct_native.fcsv, sub-P221/ses-preop/stereotaxy/sub-P221_ses-preop_acq-ax_run-01_desc-fct_native.fcsv, sub-P256/ses-preop/stereotaxy/sub-P256_ses-preop_acq-ax_run-01_desc-fct_native.fcsv, sub-P277/ses-preop/stereotaxy/sub-P277_ses-preop_acq-ax_run-01_desc-fct_native.fcsv, sub-P281/ses-preop/stereotaxy/sub-P281_ses-preop_acq-ax_run-01_desc-fct_native.fcsv, sub-P289/ses-preop/stereotaxy/sub-P289_ses-preop_acq-ax_run-01_desc-fct_native.fcsv, sub-P292/ses-preop/stereotaxy/sub-P292_ses-preop_acq-ax_run-01_desc-fct_native.fcsv, sub-P293/ses-preop/stereotaxy/sub-P293_ses-preop_acq-ax_run-01_desc-fct_native.fcsv, sub-P310/ses-preop/stereotaxy/sub-P310_ses-preop_acq-ax_run-01_desc-fct_native.fcsv, sub-P328/ses-preop/stereotaxy/sub-P328_ses-preop_acq-ax_run-01_desc-fct_native.fcsv, sub-P350/ses-preop/stereotaxy/sub-P350_ses-preop_acq-ax_run-01_desc-fct_native.fcsv, sub-P352/ses-preop/stereotaxy/sub-P352_ses-preop_acq-ax_run-01_desc-fct_native.fcsv, sub-P353/ses-preop/stereotaxy/sub-P353_ses-preop_acq-ax_run-01_desc-fct_native.fcsv, sub-P355/ses-preop/stereotaxy/sub-P355_ses-preop_acq-ax_run-01_desc-fct_native.fcsv, sub-P359/ses-preop/stereotaxy/sub-P359_ses-preop_acq-ax_run-01_desc-fct_native.fcsv, sub-P367/ses-preop/stereotaxy/sub-P367_ses-preop_acq-ax_run-01_desc-fct_native.fcsv, sub-P369/ses-preop/stereotaxy/sub-P369_ses-preop_acq-ax_run-01_desc-fct_native.fcsv, sub-P374/ses-preop/stereotaxy/sub-P374_ses-preop_acq-ax_run-01_desc-fct_native.fcsv
    jobid: 0
    reason: Input files updated by another job: sub-P277/ses-preop/stereotaxy/sub-P277_ses-preop_acq-ax_run-01_desc-fct_native.fcsv, sub-P165/ses-preop/stereotaxy/sub-P165_ses-preop_acq-ax_run-01_desc-fct_native.fcsv, sub-P355/ses-preop/afids-cnn/sub-P355_ses-preop_acq-ax_run-01_desc-afidscnn-nnlm_afids.fcsv, sub-P289/ses-preop/stereotaxy/sub-P289_ses-preop_acq-ax_run-01_desc-fct_native.fcsv, sub-P214/ses-preop/stereotaxy/sub-P214_ses-preop_acq-ax_run-01_desc-fct_native.fcsv, sub-P213/ses-preop/stereotaxy/sub-P213_ses-preop_acq-ax_run-01_desc-fct_native.fcsv, sub-P277/ses-preop/afids-cnn/sub-P277_ses-preop_acq-ax_run-01_desc-afidscnn-nnlm_afids.fcsv, sub-P359/ses-preop/stereotaxy/sub-P359_ses-preop_acq-ax_run-01_desc-fct_native.fcsv, sub-P214/ses-preop/afids-cnn/sub-P214_ses-preop_acq-ax_run-01_desc-afidscnn-nnlm_afids.fcsv, sub-P350/ses-preop/afids-cnn/sub-P350_ses-preop_acq-ax_run-01_desc-afidscnn-nnlm_afids.fcsv, sub-P293/ses-preop/afids-cnn/sub-P293_ses-preop_acq-ax_run-01_desc-afidscnn-nnlm_afids.fcsv, sub-P374/ses-preop/afids-cnn/sub-P374_ses-preop_acq-ax_run-01_desc-afidscnn-nnlm_afids.fcsv, sub-P374/ses-preop/stereotaxy/sub-P374_ses-preop_acq-ax_run-01_desc-fct_native.fcsv, sub-P175/ses-preop/afids-cnn/sub-P175_ses-preop_acq-ax_run-01_desc-afidscnn-nnlm_afids.fcsv, sub-P281/ses-preop/afids-cnn/sub-P281_ses-preop_acq-ax_run-01_desc-afidscnn-nnlm_afids.fcsv, sub-P292/ses-preop/afids-cnn/sub-P292_ses-preop_acq-ax_run-01_desc-afidscnn-nnlm_afids.fcsv, sub-P281/ses-preop/stereotaxy/sub-P281_ses-preop_acq-ax_run-01_desc-fct_native.fcsv, sub-P352/ses-preop/stereotaxy/sub-P352_ses-preop_acq-ax_run-01_desc-fct_native.fcsv, sub-P328/ses-preop/afids-cnn/sub-P328_ses-preop_acq-ax_run-01_desc-afidscnn-nnlm_afids.fcsv, sub-P256/ses-preop/afids-cnn/sub-P256_ses-preop_acq-ax_run-01_desc-afidscnn-nnlm_afids.fcsv, sub-P353/ses-preop/stereotaxy/sub-P353_ses-preop_acq-ax_run-01_desc-fct_native.fcsv, sub-P353/ses-preop/afids-cnn/sub-P353_ses-preop_acq-ax_run-01_desc-afidscnn-nnlm_afids.fcsv, sub-P367/ses-preop/stereotaxy/sub-P367_ses-preop_acq-ax_run-01_desc-fct_native.fcsv, sub-P350/ses-preop/stereotaxy/sub-P350_ses-preop_acq-ax_run-01_desc-fct_native.fcsv, sub-P193/ses-preop/stereotaxy/sub-P193_ses-preop_acq-ax_run-01_desc-fct_native.fcsv, sub-P355/ses-preop/stereotaxy/sub-P355_ses-preop_acq-ax_run-01_desc-fct_native.fcsv, sub-P221/ses-preop/stereotaxy/sub-P221_ses-preop_acq-ax_run-01_desc-fct_native.fcsv, sub-P167/ses-preop/afids-cnn/sub-P167_ses-preop_acq-ax_run-01_desc-afidscnn-nnlm_afids.fcsv, sub-P293/ses-preop/stereotaxy/sub-P293_ses-preop_acq-ax_run-01_desc-fct_native.fcsv, sub-P182/ses-preop/stereotaxy/sub-P182_ses-preop_acq-ax_run-01_desc-fct_native.fcsv, sub-P202/ses-preop/stereotaxy/sub-P202_ses-preop_acq-ax_run-01_desc-fct_native.fcsv, sub-P292/ses-preop/stereotaxy/sub-P292_ses-preop_acq-ax_run-01_desc-fct_native.fcsv, sub-P310/ses-preop/stereotaxy/sub-P310_ses-preop_acq-ax_run-01_desc-fct_native.fcsv, sub-P205/ses-preop/afids-cnn/sub-P205_ses-preop_acq-ax_run-01_desc-afidscnn-nnlm_afids.fcsv, sub-P310/ses-preop/afids-cnn/sub-P310_ses-preop_acq-ax_run-01_desc-afidscnn-nnlm_afids.fcsv, sub-P352/ses-preop/afids-cnn/sub-P352_ses-preop_acq-ax_run-01_desc-afidscnn-nnlm_afids.fcsv, sub-P167/ses-preop/stereotaxy/sub-P167_ses-preop_acq-ax_run-01_desc-fct_native.fcsv, sub-P359/ses-preop/afids-cnn/sub-P359_ses-preop_acq-ax_run-01_desc-afidscnn-nnlm_afids.fcsv, sub-P202/ses-preop/afids-cnn/sub-P202_ses-preop_acq-ax_run-01_desc-afidscnn-nnlm_afids.fcsv, sub-P221/ses-preop/afids-cnn/sub-P221_ses-preop_acq-ax_run-01_desc-afidscnn-nnlm_afids.fcsv, sub-P369/ses-preop/afids-cnn/sub-P369_ses-preop_acq-ax_run-01_desc-afidscnn-nnlm_afids.fcsv, sub-P256/ses-preop/stereotaxy/sub-P256_ses-preop_acq-ax_run-01_desc-fct_native.fcsv, sub-P328/ses-preop/stereotaxy/sub-P328_ses-preop_acq-ax_run-01_desc-fct_native.fcsv, sub-P369/ses-preop/stereotaxy/sub-P369_ses-preop_acq-ax_run-01_desc-fct_native.fcsv, sub-P182/ses-preop/afids-cnn/sub-P182_ses-preop_acq-ax_run-01_desc-afidscnn-nnlm_afids.fcsv, sub-P205/ses-preop/stereotaxy/sub-P205_ses-preop_acq-ax_run-01_desc-fct_native.fcsv, sub-P367/ses-preop/afids-cnn/sub-P367_ses-preop_acq-ax_run-01_desc-afidscnn-nnlm_afids.fcsv, sub-P175/ses-preop/stereotaxy/sub-P175_ses-preop_acq-ax_run-01_desc-fct_native.fcsv
    resources: tmpdir=/localscratch/tmp
[Tue Aug 11 15:44:25 2026]
Finished jobid: 0 (Rule: all)
68 of 68 steps (100%) done
Complete log(s): /local/scratch/autoafids/GT_model_fct_pred/.snakemake/log/2026-08-11T150214.524160.snakemake.log
