Assuming unrestricted shared filesystem usage.
None
host: UWO-CBS-Heavy10
Building DAG of jobs...
Your conda installation is not configured to use strict channel priorities. This is however important for having robust and correct environments (for details, see https://conda-forge.org/docs/user/tipsandtricks.html). Please consider to configure strict priorities by executing 'conda config --set channel_priority strict'.
Using shell: /usr/bin/bash
Provided cores: 12
Rules claiming more threads will be scaled down.
Job stats:
job           count
----------  -------
all               1
stereotaxy       26
total            27

Select jobs to execute...
Execute 12 jobs...
[Wed Aug 12 15:34:05 2026]
localrule stereotaxy:
    input: sub-P328/ses-preop/afids-cnn/sub-P328_ses-preop_acq-ax_run-01_desc-afidscnn-nnlm_afids.fcsv
    output: sub-P328/ses-preop/stereotaxy/sub-P328_ses-preop_acq-ax_run-01_desc-RN_native.fcsv, sub-P328/ses-preop/stereotaxy/sub-P328_ses-preop_acq-ax_run-01_desc-RN_mcp.fcsv, work/sub-P328/ses-preop/ACPCtransforms/sub-P328_ses-preop_acq-ax_run-01_desc-transform_ACPC.txt
    jobid: 149
    reason: Missing output files: sub-P328/ses-preop/stereotaxy/sub-P328_ses-preop_acq-ax_run-01_desc-RN_native.fcsv; Params have changed since last execution: Union of exclusive params before and now across all output: before: '/local/scratch/autoafids/autoafids/resources/stereotaxy/fct_target_template.fcsv','/local/scratch/autoafids/autoafids/resources/stereotaxy/fct.pkl' now: '/local/scratch/autoafids/autoafids/resources/stereotaxy/RN_target_template.fcsv','/local/scratch/autoafids/autoafids/resources/stereotaxy/RN.pkl' 
    wildcards: subject=P328, session=preop, acq=ax, run=01
    resources: tmpdir=/localscratch/tmp
[Wed Aug 12 15:34:05 2026]
localrule stereotaxy:
    input: sub-P256/ses-preop/afids-cnn/sub-P256_ses-preop_acq-ax_run-01_desc-afidscnn-nnlm_afids.fcsv
    output: sub-P256/ses-preop/stereotaxy/sub-P256_ses-preop_acq-ax_run-01_desc-RN_native.fcsv, sub-P256/ses-preop/stereotaxy/sub-P256_ses-preop_acq-ax_run-01_desc-RN_mcp.fcsv, work/sub-P256/ses-preop/ACPCtransforms/sub-P256_ses-preop_acq-ax_run-01_desc-transform_ACPC.txt
    jobid: 142
    reason: Missing output files: sub-P256/ses-preop/stereotaxy/sub-P256_ses-preop_acq-ax_run-01_desc-RN_native.fcsv; Params have changed since last execution: Union of exclusive params before and now across all output: before: '/local/scratch/autoafids/autoafids/resources/stereotaxy/fct_target_template.fcsv','/local/scratch/autoafids/autoafids/resources/stereotaxy/fct.pkl' now: '/local/scratch/autoafids/autoafids/resources/stereotaxy/RN_target_template.fcsv','/local/scratch/autoafids/autoafids/resources/stereotaxy/RN.pkl' 
    wildcards: subject=P256, session=preop, acq=ax, run=01
    resources: tmpdir=/localscratch/tmp
[Wed Aug 12 15:34:05 2026]
localrule stereotaxy:
    input: sub-P182/ses-preop/afids-cnn/sub-P182_ses-preop_acq-ax_run-01_desc-afidscnn-nnlm_afids.fcsv
    output: sub-P182/ses-preop/stereotaxy/sub-P182_ses-preop_acq-ax_run-01_desc-RN_native.fcsv, sub-P182/ses-preop/stereotaxy/sub-P182_ses-preop_acq-ax_run-01_desc-RN_mcp.fcsv, work/sub-P182/ses-preop/ACPCtransforms/sub-P182_ses-preop_acq-ax_run-01_desc-transform_ACPC.txt
    jobid: 135
    reason: Missing output files: sub-P182/ses-preop/stereotaxy/sub-P182_ses-preop_acq-ax_run-01_desc-RN_native.fcsv; Params have changed since last execution: Union of exclusive params before and now across all output: before: '/local/scratch/autoafids/autoafids/resources/stereotaxy/fct_target_template.fcsv','/local/scratch/autoafids/autoafids/resources/stereotaxy/fct.pkl' now: '/local/scratch/autoafids/autoafids/resources/stereotaxy/RN_target_template.fcsv','/local/scratch/autoafids/autoafids/resources/stereotaxy/RN.pkl' 
    wildcards: subject=P182, session=preop, acq=ax, run=01
    resources: tmpdir=/localscratch/tmp
[Wed Aug 12 15:34:05 2026]
localrule stereotaxy:
    input: sub-P214/ses-preop/afids-cnn/sub-P214_ses-preop_acq-ax_run-01_desc-afidscnn-nnlm_afids.fcsv
    output: sub-P214/ses-preop/stereotaxy/sub-P214_ses-preop_acq-ax_run-01_desc-RN_native.fcsv, sub-P214/ses-preop/stereotaxy/sub-P214_ses-preop_acq-ax_run-01_desc-RN_mcp.fcsv, work/sub-P214/ses-preop/ACPCtransforms/sub-P214_ses-preop_acq-ax_run-01_desc-transform_ACPC.txt
    jobid: 140
    reason: Missing output files: sub-P214/ses-preop/stereotaxy/sub-P214_ses-preop_acq-ax_run-01_desc-RN_native.fcsv; Params have changed since last execution: Union of exclusive params before and now across all output: before: '/local/scratch/autoafids/autoafids/resources/stereotaxy/fct_target_template.fcsv','/local/scratch/autoafids/autoafids/resources/stereotaxy/fct.pkl' now: '/local/scratch/autoafids/autoafids/resources/stereotaxy/RN_target_template.fcsv','/local/scratch/autoafids/autoafids/resources/stereotaxy/RN.pkl' 
    wildcards: subject=P214, session=preop, acq=ax, run=01
    resources: tmpdir=/localscratch/tmp
[Wed Aug 12 15:34:05 2026]
localrule stereotaxy:
    input: sub-P292/ses-preop/afids-cnn/sub-P292_ses-preop_acq-ax_run-01_desc-afidscnn-nnlm_afids.fcsv
    output: sub-P292/ses-preop/stereotaxy/sub-P292_ses-preop_acq-ax_run-01_desc-RN_native.fcsv, sub-P292/ses-preop/stereotaxy/sub-P292_ses-preop_acq-ax_run-01_desc-RN_mcp.fcsv, work/sub-P292/ses-preop/ACPCtransforms/sub-P292_ses-preop_acq-ax_run-01_desc-transform_ACPC.txt
    jobid: 146
    reason: Missing output files: sub-P292/ses-preop/stereotaxy/sub-P292_ses-preop_acq-ax_run-01_desc-RN_native.fcsv; Params have changed since last execution: Union of exclusive params before and now across all output: before: '/local/scratch/autoafids/autoafids/resources/stereotaxy/fct_target_template.fcsv','/local/scratch/autoafids/autoafids/resources/stereotaxy/fct.pkl' now: '/local/scratch/autoafids/autoafids/resources/stereotaxy/RN_target_template.fcsv','/local/scratch/autoafids/autoafids/resources/stereotaxy/RN.pkl' 
    wildcards: subject=P292, session=preop, acq=ax, run=01
    resources: tmpdir=/localscratch/tmp
[Wed Aug 12 15:34:05 2026]
localrule stereotaxy:
    input: sub-P165/ses-preop/afids-cnn/sub-P165_ses-preop_acq-ax_run-01_desc-afidscnn-nnlm_afids.fcsv
    output: sub-P165/ses-preop/stereotaxy/sub-P165_ses-preop_acq-ax_run-01_desc-RN_native.fcsv, sub-P165/ses-preop/stereotaxy/sub-P165_ses-preop_acq-ax_run-01_desc-RN_mcp.fcsv, work/sub-P165/ses-preop/ACPCtransforms/sub-P165_ses-preop_acq-ax_run-01_desc-transform_ACPC.txt
    jobid: 132
    reason: Missing output files: sub-P165/ses-preop/stereotaxy/sub-P165_ses-preop_acq-ax_run-01_desc-RN_native.fcsv; Params have changed since last execution: Union of exclusive params before and now across all output: before: '/local/scratch/autoafids/autoafids/resources/stereotaxy/fct_target_template.fcsv','/local/scratch/autoafids/autoafids/resources/stereotaxy/fct.pkl' now: '/local/scratch/autoafids/autoafids/resources/stereotaxy/RN_target_template.fcsv','/local/scratch/autoafids/autoafids/resources/stereotaxy/RN.pkl' 
    wildcards: subject=P165, session=preop, acq=ax, run=01
    resources: tmpdir=/localscratch/tmp
[Wed Aug 12 15:34:05 2026]
localrule stereotaxy:
    input: sub-P221/ses-preop/afids-cnn/sub-P221_ses-preop_acq-ax_run-01_desc-afidscnn-nnlm_afids.fcsv
    output: sub-P221/ses-preop/stereotaxy/sub-P221_ses-preop_acq-ax_run-01_desc-RN_native.fcsv, sub-P221/ses-preop/stereotaxy/sub-P221_ses-preop_acq-ax_run-01_desc-RN_mcp.fcsv, work/sub-P221/ses-preop/ACPCtransforms/sub-P221_ses-preop_acq-ax_run-01_desc-transform_ACPC.txt
    jobid: 141
    reason: Missing output files: sub-P221/ses-preop/stereotaxy/sub-P221_ses-preop_acq-ax_run-01_desc-RN_native.fcsv; Params have changed since last execution: Union of exclusive params before and now across all output: before: '/local/scratch/autoafids/autoafids/resources/stereotaxy/fct_target_template.fcsv','/local/scratch/autoafids/autoafids/resources/stereotaxy/fct.pkl' now: '/local/scratch/autoafids/autoafids/resources/stereotaxy/RN_target_template.fcsv','/local/scratch/autoafids/autoafids/resources/stereotaxy/RN.pkl' 
    wildcards: subject=P221, session=preop, acq=ax, run=01
    resources: tmpdir=/localscratch/tmp
[Wed Aug 12 15:34:05 2026]
localrule stereotaxy:
    input: sub-P374/ses-preop/afids-cnn/sub-P374_ses-preop_acq-ax_run-01_desc-afidscnn-nnlm_afids.fcsv
    output: sub-P374/ses-preop/stereotaxy/sub-P374_ses-preop_acq-ax_run-01_desc-RN_native.fcsv, sub-P374/ses-preop/stereotaxy/sub-P374_ses-preop_acq-ax_run-01_desc-RN_mcp.fcsv, work/sub-P374/ses-preop/ACPCtransforms/sub-P374_ses-preop_acq-ax_run-01_desc-transform_ACPC.txt
    jobid: 157
    reason: Missing output files: sub-P374/ses-preop/stereotaxy/sub-P374_ses-preop_acq-ax_run-01_desc-RN_native.fcsv; Params have changed since last execution: Union of exclusive params before and now across all output: before: '/local/scratch/autoafids/autoafids/resources/stereotaxy/fct_target_template.fcsv','/local/scratch/autoafids/autoafids/resources/stereotaxy/fct.pkl' now: '/local/scratch/autoafids/autoafids/resources/stereotaxy/RN_target_template.fcsv','/local/scratch/autoafids/autoafids/resources/stereotaxy/RN.pkl' 
    wildcards: subject=P374, session=preop, acq=ax, run=01
    resources: tmpdir=/localscratch/tmp
[Wed Aug 12 15:34:05 2026]
localrule stereotaxy:
    input: sub-P175/ses-preop/afids-cnn/sub-P175_ses-preop_acq-ax_run-01_desc-afidscnn-nnlm_afids.fcsv
    output: sub-P175/ses-preop/stereotaxy/sub-P175_ses-preop_acq-ax_run-01_desc-RN_native.fcsv, sub-P175/ses-preop/stereotaxy/sub-P175_ses-preop_acq-ax_run-01_desc-RN_mcp.fcsv, work/sub-P175/ses-preop/ACPCtransforms/sub-P175_ses-preop_acq-ax_run-01_desc-transform_ACPC.txt
    jobid: 134
    reason: Missing output files: sub-P175/ses-preop/stereotaxy/sub-P175_ses-preop_acq-ax_run-01_desc-RN_native.fcsv; Params have changed since last execution: Union of exclusive params before and now across all output: before: '/local/scratch/autoafids/autoafids/resources/stereotaxy/fct_target_template.fcsv','/local/scratch/autoafids/autoafids/resources/stereotaxy/fct.pkl' now: '/local/scratch/autoafids/autoafids/resources/stereotaxy/RN_target_template.fcsv','/local/scratch/autoafids/autoafids/resources/stereotaxy/RN.pkl' 
    wildcards: subject=P175, session=preop, acq=ax, run=01
    resources: tmpdir=/localscratch/tmp
[Wed Aug 12 15:34:05 2026]
localrule stereotaxy:
    input: sub-P359/ses-preop/afids-cnn/sub-P359_ses-preop_acq-ax_run-01_desc-afidscnn-nnlm_afids.fcsv
    output: sub-P359/ses-preop/stereotaxy/sub-P359_ses-preop_acq-ax_run-01_desc-RN_native.fcsv, sub-P359/ses-preop/stereotaxy/sub-P359_ses-preop_acq-ax_run-01_desc-RN_mcp.fcsv, work/sub-P359/ses-preop/ACPCtransforms/sub-P359_ses-preop_acq-ax_run-01_desc-transform_ACPC.txt
    jobid: 154
    reason: Missing output files: sub-P359/ses-preop/stereotaxy/sub-P359_ses-preop_acq-ax_run-01_desc-RN_native.fcsv; Params have changed since last execution: Union of exclusive params before and now across all output: before: '/local/scratch/autoafids/autoafids/resources/stereotaxy/fct_target_template.fcsv','/local/scratch/autoafids/autoafids/resources/stereotaxy/fct.pkl' now: '/local/scratch/autoafids/autoafids/resources/stereotaxy/RN_target_template.fcsv','/local/scratch/autoafids/autoafids/resources/stereotaxy/RN.pkl' 
    wildcards: subject=P359, session=preop, acq=ax, run=01
    resources: tmpdir=/localscratch/tmp
[Wed Aug 12 15:34:05 2026]
localrule stereotaxy:
    input: sub-P293/ses-preop/afids-cnn/sub-P293_ses-preop_acq-ax_run-01_desc-afidscnn-nnlm_afids.fcsv
    output: sub-P293/ses-preop/stereotaxy/sub-P293_ses-preop_acq-ax_run-01_desc-RN_native.fcsv, sub-P293/ses-preop/stereotaxy/sub-P293_ses-preop_acq-ax_run-01_desc-RN_mcp.fcsv, work/sub-P293/ses-preop/ACPCtransforms/sub-P293_ses-preop_acq-ax_run-01_desc-transform_ACPC.txt
    jobid: 147
    reason: Missing output files: sub-P293/ses-preop/stereotaxy/sub-P293_ses-preop_acq-ax_run-01_desc-RN_native.fcsv; Params have changed since last execution: Union of exclusive params before and now across all output: before: '/local/scratch/autoafids/autoafids/resources/stereotaxy/fct_target_template.fcsv','/local/scratch/autoafids/autoafids/resources/stereotaxy/fct.pkl' now: '/local/scratch/autoafids/autoafids/resources/stereotaxy/RN_target_template.fcsv','/local/scratch/autoafids/autoafids/resources/stereotaxy/RN.pkl' 
    wildcards: subject=P293, session=preop, acq=ax, run=01
    resources: tmpdir=/localscratch/tmp
[Wed Aug 12 15:34:05 2026]
localrule stereotaxy:
    input: sub-P369/ses-preop/afids-cnn/sub-P369_ses-preop_acq-ax_run-01_desc-afidscnn-nnlm_afids.fcsv
    output: sub-P369/ses-preop/stereotaxy/sub-P369_ses-preop_acq-ax_run-01_desc-RN_native.fcsv, sub-P369/ses-preop/stereotaxy/sub-P369_ses-preop_acq-ax_run-01_desc-RN_mcp.fcsv, work/sub-P369/ses-preop/ACPCtransforms/sub-P369_ses-preop_acq-ax_run-01_desc-transform_ACPC.txt
    jobid: 156
    reason: Missing output files: sub-P369/ses-preop/stereotaxy/sub-P369_ses-preop_acq-ax_run-01_desc-RN_native.fcsv; Params have changed since last execution: Union of exclusive params before and now across all output: before: '/local/scratch/autoafids/autoafids/resources/stereotaxy/fct_target_template.fcsv','/local/scratch/autoafids/autoafids/resources/stereotaxy/fct.pkl' now: '/local/scratch/autoafids/autoafids/resources/stereotaxy/RN_target_template.fcsv','/local/scratch/autoafids/autoafids/resources/stereotaxy/RN.pkl' 
    wildcards: subject=P369, session=preop, acq=ax, run=01
    resources: tmpdir=/localscratch/tmp
Activating conda environment: ../../../../localscratch/.cache/autoafids/conda/7e9941e9acc1503fed10fd844ea3118b_
Activating conda environment: ../../../../localscratch/.cache/autoafids/conda/7e9941e9acc1503fed10fd844ea3118b_
Activating conda environment: ../../../../localscratch/.cache/autoafids/conda/7e9941e9acc1503fed10fd844ea3118b_
Activating conda environment: ../../../../localscratch/.cache/autoafids/conda/7e9941e9acc1503fed10fd844ea3118b_
Activating conda environment: ../../../../localscratch/.cache/autoafids/conda/7e9941e9acc1503fed10fd844ea3118b_
Activating conda environment: ../../../../localscratch/.cache/autoafids/conda/7e9941e9acc1503fed10fd844ea3118b_
Activating conda environment: ../../../../localscratch/.cache/autoafids/conda/7e9941e9acc1503fed10fd844ea3118b_
Activating conda environment: ../../../../localscratch/.cache/autoafids/conda/7e9941e9acc1503fed10fd844ea3118b_
Activating conda environment: ../../../../localscratch/.cache/autoafids/conda/7e9941e9acc1503fed10fd844ea3118b_
Activating conda environment: ../../../../localscratch/.cache/autoafids/conda/7e9941e9acc1503fed10fd844ea3118b_
Activating conda environment: ../../../../localscratch/.cache/autoafids/conda/7e9941e9acc1503fed10fd844ea3118b_
Activating conda environment: ../../../../localscratch/.cache/autoafids/conda/7e9941e9acc1503fed10fd844ea3118b_
Activating conda environment: ../../../../localscratch/.cache/autoafids/conda/7e9941e9acc1503fed10fd844ea3118b_
Activating conda environment: ../../../../localscratch/.cache/autoafids/conda/7e9941e9acc1503fed10fd844ea3118b_
Activating conda environment: ../../../../localscratch/.cache/autoafids/conda/7e9941e9acc1503fed10fd844ea3118b_
Activating conda environment: ../../../../localscratch/.cache/autoafids/conda/7e9941e9acc1503fed10fd844ea3118b_
Activating conda environment: ../../../../localscratch/.cache/autoafids/conda/7e9941e9acc1503fed10fd844ea3118b_
Activating conda environment: ../../../../localscratch/.cache/autoafids/conda/7e9941e9acc1503fed10fd844ea3118b_
Activating conda environment: ../../../../localscratch/.cache/autoafids/conda/7e9941e9acc1503fed10fd844ea3118b_
Activating conda environment: ../../../../localscratch/.cache/autoafids/conda/7e9941e9acc1503fed10fd844ea3118b_
Activating conda environment: ../../../../localscratch/.cache/autoafids/conda/7e9941e9acc1503fed10fd844ea3118b_
Activating conda environment: ../../../../localscratch/.cache/autoafids/conda/7e9941e9acc1503fed10fd844ea3118b_
Activating conda environment: ../../../../localscratch/.cache/autoafids/conda/7e9941e9acc1503fed10fd844ea3118b_
Activating conda environment: ../../../../localscratch/.cache/autoafids/conda/7e9941e9acc1503fed10fd844ea3118b_
Select jobs to execute...
RuleException:
CalledProcessError in file "/local/scratch/autoafids/autoafids/workflow/rules/stereotaxy.smk", line 62:
Command 'source /local/scratch/autoafids/.pixi/envs/default/bin/activate '/localscratch/.cache/autoafids/conda/7e9941e9acc1503fed10fd844ea3118b_'; set -euo pipefail;  python /local/scratch/autoafids/GT_model_fct_pred/.snakemake/scripts/tmpl5bi4yh3.stereotaxy.py' returned non-zero exit status 1.
[Wed Aug 12 15:34:07 2026]
Error in rule stereotaxy:
    message: None
    jobid: 146
    input: sub-P292/ses-preop/afids-cnn/sub-P292_ses-preop_acq-ax_run-01_desc-afidscnn-nnlm_afids.fcsv
    output: sub-P292/ses-preop/stereotaxy/sub-P292_ses-preop_acq-ax_run-01_desc-RN_native.fcsv, sub-P292/ses-preop/stereotaxy/sub-P292_ses-preop_acq-ax_run-01_desc-RN_mcp.fcsv, work/sub-P292/ses-preop/ACPCtransforms/sub-P292_ses-preop_acq-ax_run-01_desc-transform_ACPC.txt
    conda-env: /localscratch/.cache/autoafids/conda/7e9941e9acc1503fed10fd844ea3118b_
Removing output files of failed job stereotaxy since they might be corrupted:
work/sub-P292/ses-preop/ACPCtransforms/sub-P292_ses-preop_acq-ax_run-01_desc-transform_ACPC.txt
RuleException:
CalledProcessError in file "/local/scratch/autoafids/autoafids/workflow/rules/stereotaxy.smk", line 62:
Command 'source /local/scratch/autoafids/.pixi/envs/default/bin/activate '/localscratch/.cache/autoafids/conda/7e9941e9acc1503fed10fd844ea3118b_'; set -euo pipefail;  python /local/scratch/autoafids/GT_model_fct_pred/.snakemake/scripts/tmpn0qvwdgg.stereotaxy.py' returned non-zero exit status 1.
[Wed Aug 12 15:34:08 2026]
Error in rule stereotaxy:
    message: None
    jobid: 134
    input: sub-P175/ses-preop/afids-cnn/sub-P175_ses-preop_acq-ax_run-01_desc-afidscnn-nnlm_afids.fcsv
    output: sub-P175/ses-preop/stereotaxy/sub-P175_ses-preop_acq-ax_run-01_desc-RN_native.fcsv, sub-P175/ses-preop/stereotaxy/sub-P175_ses-preop_acq-ax_run-01_desc-RN_mcp.fcsv, work/sub-P175/ses-preop/ACPCtransforms/sub-P175_ses-preop_acq-ax_run-01_desc-transform_ACPC.txt
    conda-env: /localscratch/.cache/autoafids/conda/7e9941e9acc1503fed10fd844ea3118b_
Removing output files of failed job stereotaxy since they might be corrupted:
work/sub-P175/ses-preop/ACPCtransforms/sub-P175_ses-preop_acq-ax_run-01_desc-transform_ACPC.txt
RuleException:
CalledProcessError in file "/local/scratch/autoafids/autoafids/workflow/rules/stereotaxy.smk", line 62:
Command 'source /local/scratch/autoafids/.pixi/envs/default/bin/activate '/localscratch/.cache/autoafids/conda/7e9941e9acc1503fed10fd844ea3118b_'; set -euo pipefail;  python /local/scratch/autoafids/GT_model_fct_pred/.snakemake/scripts/tmp3k5y75vc.stereotaxy.py' returned non-zero exit status 1.
[Wed Aug 12 15:34:08 2026]
Error in rule stereotaxy:
    message: None
    jobid: 132
    input: sub-P165/ses-preop/afids-cnn/sub-P165_ses-preop_acq-ax_run-01_desc-afidscnn-nnlm_afids.fcsv
    output: sub-P165/ses-preop/stereotaxy/sub-P165_ses-preop_acq-ax_run-01_desc-RN_native.fcsv, sub-P165/ses-preop/stereotaxy/sub-P165_ses-preop_acq-ax_run-01_desc-RN_mcp.fcsv, work/sub-P165/ses-preop/ACPCtransforms/sub-P165_ses-preop_acq-ax_run-01_desc-transform_ACPC.txt
    conda-env: /localscratch/.cache/autoafids/conda/7e9941e9acc1503fed10fd844ea3118b_
Removing output files of failed job stereotaxy since they might be corrupted:
work/sub-P165/ses-preop/ACPCtransforms/sub-P165_ses-preop_acq-ax_run-01_desc-transform_ACPC.txt
RuleException:
CalledProcessError in file "/local/scratch/autoafids/autoafids/workflow/rules/stereotaxy.smk", line 62:
Command 'source /local/scratch/autoafids/.pixi/envs/default/bin/activate '/localscratch/.cache/autoafids/conda/7e9941e9acc1503fed10fd844ea3118b_'; set -euo pipefail;  python /local/scratch/autoafids/GT_model_fct_pred/.snakemake/scripts/tmppdohuoea.stereotaxy.py' returned non-zero exit status 1.
[Wed Aug 12 15:34:08 2026]
Error in rule stereotaxy:
    message: None
    jobid: 149
    input: sub-P328/ses-preop/afids-cnn/sub-P328_ses-preop_acq-ax_run-01_desc-afidscnn-nnlm_afids.fcsv
    output: sub-P328/ses-preop/stereotaxy/sub-P328_ses-preop_acq-ax_run-01_desc-RN_native.fcsv, sub-P328/ses-preop/stereotaxy/sub-P328_ses-preop_acq-ax_run-01_desc-RN_mcp.fcsv, work/sub-P328/ses-preop/ACPCtransforms/sub-P328_ses-preop_acq-ax_run-01_desc-transform_ACPC.txt
    conda-env: /localscratch/.cache/autoafids/conda/7e9941e9acc1503fed10fd844ea3118b_
Removing output files of failed job stereotaxy since they might be corrupted:
work/sub-P328/ses-preop/ACPCtransforms/sub-P328_ses-preop_acq-ax_run-01_desc-transform_ACPC.txt
RuleException:
CalledProcessError in file "/local/scratch/autoafids/autoafids/workflow/rules/stereotaxy.smk", line 62:
Command 'source /local/scratch/autoafids/.pixi/envs/default/bin/activate '/localscratch/.cache/autoafids/conda/7e9941e9acc1503fed10fd844ea3118b_'; set -euo pipefail;  python /local/scratch/autoafids/GT_model_fct_pred/.snakemake/scripts/tmpky1qrgda.stereotaxy.py' returned non-zero exit status 1.
[Wed Aug 12 15:34:08 2026]
Error in rule stereotaxy:
    message: None
    jobid: 147
    input: sub-P293/ses-preop/afids-cnn/sub-P293_ses-preop_acq-ax_run-01_desc-afidscnn-nnlm_afids.fcsv
    output: sub-P293/ses-preop/stereotaxy/sub-P293_ses-preop_acq-ax_run-01_desc-RN_native.fcsv, sub-P293/ses-preop/stereotaxy/sub-P293_ses-preop_acq-ax_run-01_desc-RN_mcp.fcsv, work/sub-P293/ses-preop/ACPCtransforms/sub-P293_ses-preop_acq-ax_run-01_desc-transform_ACPC.txt
    conda-env: /localscratch/.cache/autoafids/conda/7e9941e9acc1503fed10fd844ea3118b_
RuleException:
CalledProcessError in file "/local/scratch/autoafids/autoafids/workflow/rules/stereotaxy.smk", line 62:
Command 'source /local/scratch/autoafids/.pixi/envs/default/bin/activate '/localscratch/.cache/autoafids/conda/7e9941e9acc1503fed10fd844ea3118b_'; set -euo pipefail;  python /local/scratch/autoafids/GT_model_fct_pred/.snakemake/scripts/tmppyybgsi5.stereotaxy.py' returned non-zero exit status 1.
[Wed Aug 12 15:34:08 2026]
Error in rule stereotaxy:
    message: None
    jobid: 142
    input: sub-P256/ses-preop/afids-cnn/sub-P256_ses-preop_acq-ax_run-01_desc-afidscnn-nnlm_afids.fcsv
    output: sub-P256/ses-preop/stereotaxy/sub-P256_ses-preop_acq-ax_run-01_desc-RN_native.fcsv, sub-P256/ses-preop/stereotaxy/sub-P256_ses-preop_acq-ax_run-01_desc-RN_mcp.fcsv, work/sub-P256/ses-preop/ACPCtransforms/sub-P256_ses-preop_acq-ax_run-01_desc-transform_ACPC.txt
    conda-env: /localscratch/.cache/autoafids/conda/7e9941e9acc1503fed10fd844ea3118b_
RuleException:
CalledProcessError in file "/local/scratch/autoafids/autoafids/workflow/rules/stereotaxy.smk", line 62:
Command 'source /local/scratch/autoafids/.pixi/envs/default/bin/activate '/localscratch/.cache/autoafids/conda/7e9941e9acc1503fed10fd844ea3118b_'; set -euo pipefail;  python /local/scratch/autoafids/GT_model_fct_pred/.snakemake/scripts/tmpz1muahnf.stereotaxy.py' returned non-zero exit status 1.
[Wed Aug 12 15:34:08 2026]
Error in rule stereotaxy:
    message: None
    jobid: 140
    input: sub-P214/ses-preop/afids-cnn/sub-P214_ses-preop_acq-ax_run-01_desc-afidscnn-nnlm_afids.fcsv
    output: sub-P214/ses-preop/stereotaxy/sub-P214_ses-preop_acq-ax_run-01_desc-RN_native.fcsv, sub-P214/ses-preop/stereotaxy/sub-P214_ses-preop_acq-ax_run-01_desc-RN_mcp.fcsv, work/sub-P214/ses-preop/ACPCtransforms/sub-P214_ses-preop_acq-ax_run-01_desc-transform_ACPC.txt
    conda-env: /localscratch/.cache/autoafids/conda/7e9941e9acc1503fed10fd844ea3118b_
Removing output files of failed job stereotaxy since they might be corrupted:
work/sub-P293/ses-preop/ACPCtransforms/sub-P293_ses-preop_acq-ax_run-01_desc-transform_ACPC.txt
Removing output files of failed job stereotaxy since they might be corrupted:
work/sub-P256/ses-preop/ACPCtransforms/sub-P256_ses-preop_acq-ax_run-01_desc-transform_ACPC.txt
Removing output files of failed job stereotaxy since they might be corrupted:
work/sub-P214/ses-preop/ACPCtransforms/sub-P214_ses-preop_acq-ax_run-01_desc-transform_ACPC.txt
RuleException:
CalledProcessError in file "/local/scratch/autoafids/autoafids/workflow/rules/stereotaxy.smk", line 62:
Command 'source /local/scratch/autoafids/.pixi/envs/default/bin/activate '/localscratch/.cache/autoafids/conda/7e9941e9acc1503fed10fd844ea3118b_'; set -euo pipefail;  python /local/scratch/autoafids/GT_model_fct_pred/.snakemake/scripts/tmpuhts364g.stereotaxy.py' returned non-zero exit status 1.
[Wed Aug 12 15:34:08 2026]
Error in rule stereotaxy:
    message: None
    jobid: 135
    input: sub-P182/ses-preop/afids-cnn/sub-P182_ses-preop_acq-ax_run-01_desc-afidscnn-nnlm_afids.fcsv
    output: sub-P182/ses-preop/stereotaxy/sub-P182_ses-preop_acq-ax_run-01_desc-RN_native.fcsv, sub-P182/ses-preop/stereotaxy/sub-P182_ses-preop_acq-ax_run-01_desc-RN_mcp.fcsv, work/sub-P182/ses-preop/ACPCtransforms/sub-P182_ses-preop_acq-ax_run-01_desc-transform_ACPC.txt
    conda-env: /localscratch/.cache/autoafids/conda/7e9941e9acc1503fed10fd844ea3118b_
RuleException:
CalledProcessError in file "/local/scratch/autoafids/autoafids/workflow/rules/stereotaxy.smk", line 62:
Command 'source /local/scratch/autoafids/.pixi/envs/default/bin/activate '/localscratch/.cache/autoafids/conda/7e9941e9acc1503fed10fd844ea3118b_'; set -euo pipefail;  python /local/scratch/autoafids/GT_model_fct_pred/.snakemake/scripts/tmpn_5upzsi.stereotaxy.py' returned non-zero exit status 1.
[Wed Aug 12 15:34:08 2026]
Error in rule stereotaxy:
    message: None
    jobid: 156
    input: sub-P369/ses-preop/afids-cnn/sub-P369_ses-preop_acq-ax_run-01_desc-afidscnn-nnlm_afids.fcsv
    output: sub-P369/ses-preop/stereotaxy/sub-P369_ses-preop_acq-ax_run-01_desc-RN_native.fcsv, sub-P369/ses-preop/stereotaxy/sub-P369_ses-preop_acq-ax_run-01_desc-RN_mcp.fcsv, work/sub-P369/ses-preop/ACPCtransforms/sub-P369_ses-preop_acq-ax_run-01_desc-transform_ACPC.txt
    conda-env: /localscratch/.cache/autoafids/conda/7e9941e9acc1503fed10fd844ea3118b_
Removing output files of failed job stereotaxy since they might be corrupted:
work/sub-P182/ses-preop/ACPCtransforms/sub-P182_ses-preop_acq-ax_run-01_desc-transform_ACPC.txt
RuleException:
CalledProcessError in file "/local/scratch/autoafids/autoafids/workflow/rules/stereotaxy.smk", line 62:
Command 'source /local/scratch/autoafids/.pixi/envs/default/bin/activate '/localscratch/.cache/autoafids/conda/7e9941e9acc1503fed10fd844ea3118b_'; set -euo pipefail;  python /local/scratch/autoafids/GT_model_fct_pred/.snakemake/scripts/tmpeyvy8z7w.stereotaxy.py' returned non-zero exit status 1.
[Wed Aug 12 15:34:08 2026]
Error in rule stereotaxy:
    message: None
    jobid: 157
    input: sub-P374/ses-preop/afids-cnn/sub-P374_ses-preop_acq-ax_run-01_desc-afidscnn-nnlm_afids.fcsv
    output: sub-P374/ses-preop/stereotaxy/sub-P374_ses-preop_acq-ax_run-01_desc-RN_native.fcsv, sub-P374/ses-preop/stereotaxy/sub-P374_ses-preop_acq-ax_run-01_desc-RN_mcp.fcsv, work/sub-P374/ses-preop/ACPCtransforms/sub-P374_ses-preop_acq-ax_run-01_desc-transform_ACPC.txt
    conda-env: /localscratch/.cache/autoafids/conda/7e9941e9acc1503fed10fd844ea3118b_
Removing output files of failed job stereotaxy since they might be corrupted:
work/sub-P369/ses-preop/ACPCtransforms/sub-P369_ses-preop_acq-ax_run-01_desc-transform_ACPC.txt
Removing output files of failed job stereotaxy since they might be corrupted:
work/sub-P374/ses-preop/ACPCtransforms/sub-P374_ses-preop_acq-ax_run-01_desc-transform_ACPC.txt
RuleException:
CalledProcessError in file "/local/scratch/autoafids/autoafids/workflow/rules/stereotaxy.smk", line 62:
Command 'source /local/scratch/autoafids/.pixi/envs/default/bin/activate '/localscratch/.cache/autoafids/conda/7e9941e9acc1503fed10fd844ea3118b_'; set -euo pipefail;  python /local/scratch/autoafids/GT_model_fct_pred/.snakemake/scripts/tmpnykj4vap.stereotaxy.py' returned non-zero exit status 1.
[Wed Aug 12 15:34:08 2026]
Error in rule stereotaxy:
    message: None
    jobid: 141
    input: sub-P221/ses-preop/afids-cnn/sub-P221_ses-preop_acq-ax_run-01_desc-afidscnn-nnlm_afids.fcsv
    output: sub-P221/ses-preop/stereotaxy/sub-P221_ses-preop_acq-ax_run-01_desc-RN_native.fcsv, sub-P221/ses-preop/stereotaxy/sub-P221_ses-preop_acq-ax_run-01_desc-RN_mcp.fcsv, work/sub-P221/ses-preop/ACPCtransforms/sub-P221_ses-preop_acq-ax_run-01_desc-transform_ACPC.txt
    conda-env: /localscratch/.cache/autoafids/conda/7e9941e9acc1503fed10fd844ea3118b_
Removing output files of failed job stereotaxy since they might be corrupted:
work/sub-P221/ses-preop/ACPCtransforms/sub-P221_ses-preop_acq-ax_run-01_desc-transform_ACPC.txt
RuleException:
CalledProcessError in file "/local/scratch/autoafids/autoafids/workflow/rules/stereotaxy.smk", line 62:
Command 'source /local/scratch/autoafids/.pixi/envs/default/bin/activate '/localscratch/.cache/autoafids/conda/7e9941e9acc1503fed10fd844ea3118b_'; set -euo pipefail;  python /local/scratch/autoafids/GT_model_fct_pred/.snakemake/scripts/tmpagdr0vh0.stereotaxy.py' returned non-zero exit status 1.
[Wed Aug 12 15:34:08 2026]
Error in rule stereotaxy:
    message: None
    jobid: 154
    input: sub-P359/ses-preop/afids-cnn/sub-P359_ses-preop_acq-ax_run-01_desc-afidscnn-nnlm_afids.fcsv
    output: sub-P359/ses-preop/stereotaxy/sub-P359_ses-preop_acq-ax_run-01_desc-RN_native.fcsv, sub-P359/ses-preop/stereotaxy/sub-P359_ses-preop_acq-ax_run-01_desc-RN_mcp.fcsv, work/sub-P359/ses-preop/ACPCtransforms/sub-P359_ses-preop_acq-ax_run-01_desc-transform_ACPC.txt
    conda-env: /localscratch/.cache/autoafids/conda/7e9941e9acc1503fed10fd844ea3118b_
Removing output files of failed job stereotaxy since they might be corrupted:
work/sub-P359/ses-preop/ACPCtransforms/sub-P359_ses-preop_acq-ax_run-01_desc-transform_ACPC.txt
Shutting down, this might take some time.
Exiting because a job execution failed. Look below for error messages
[Wed Aug 12 15:34:08 2026]
Error in rule stereotaxy:
    message: None
    jobid: 149
    input: sub-P328/ses-preop/afids-cnn/sub-P328_ses-preop_acq-ax_run-01_desc-afidscnn-nnlm_afids.fcsv
    output: sub-P328/ses-preop/stereotaxy/sub-P328_ses-preop_acq-ax_run-01_desc-RN_native.fcsv, sub-P328/ses-preop/stereotaxy/sub-P328_ses-preop_acq-ax_run-01_desc-RN_mcp.fcsv, work/sub-P328/ses-preop/ACPCtransforms/sub-P328_ses-preop_acq-ax_run-01_desc-transform_ACPC.txt
    conda-env: /localscratch/.cache/autoafids/conda/7e9941e9acc1503fed10fd844ea3118b_
[Wed Aug 12 15:34:08 2026]
Error in rule stereotaxy:
    message: None
    jobid: 142
    input: sub-P256/ses-preop/afids-cnn/sub-P256_ses-preop_acq-ax_run-01_desc-afidscnn-nnlm_afids.fcsv
    output: sub-P256/ses-preop/stereotaxy/sub-P256_ses-preop_acq-ax_run-01_desc-RN_native.fcsv, sub-P256/ses-preop/stereotaxy/sub-P256_ses-preop_acq-ax_run-01_desc-RN_mcp.fcsv, work/sub-P256/ses-preop/ACPCtransforms/sub-P256_ses-preop_acq-ax_run-01_desc-transform_ACPC.txt
    conda-env: /localscratch/.cache/autoafids/conda/7e9941e9acc1503fed10fd844ea3118b_
[Wed Aug 12 15:34:08 2026]
Error in rule stereotaxy:
    message: None
    jobid: 135
    input: sub-P182/ses-preop/afids-cnn/sub-P182_ses-preop_acq-ax_run-01_desc-afidscnn-nnlm_afids.fcsv
    output: sub-P182/ses-preop/stereotaxy/sub-P182_ses-preop_acq-ax_run-01_desc-RN_native.fcsv, sub-P182/ses-preop/stereotaxy/sub-P182_ses-preop_acq-ax_run-01_desc-RN_mcp.fcsv, work/sub-P182/ses-preop/ACPCtransforms/sub-P182_ses-preop_acq-ax_run-01_desc-transform_ACPC.txt
    conda-env: /localscratch/.cache/autoafids/conda/7e9941e9acc1503fed10fd844ea3118b_
[Wed Aug 12 15:34:08 2026]
Error in rule stereotaxy:
    message: None
    jobid: 146
    input: sub-P292/ses-preop/afids-cnn/sub-P292_ses-preop_acq-ax_run-01_desc-afidscnn-nnlm_afids.fcsv
    output: sub-P292/ses-preop/stereotaxy/sub-P292_ses-preop_acq-ax_run-01_desc-RN_native.fcsv, sub-P292/ses-preop/stereotaxy/sub-P292_ses-preop_acq-ax_run-01_desc-RN_mcp.fcsv, work/sub-P292/ses-preop/ACPCtransforms/sub-P292_ses-preop_acq-ax_run-01_desc-transform_ACPC.txt
    conda-env: /localscratch/.cache/autoafids/conda/7e9941e9acc1503fed10fd844ea3118b_
[Wed Aug 12 15:34:08 2026]
Error in rule stereotaxy:
    message: None
    jobid: 132
    input: sub-P165/ses-preop/afids-cnn/sub-P165_ses-preop_acq-ax_run-01_desc-afidscnn-nnlm_afids.fcsv
    output: sub-P165/ses-preop/stereotaxy/sub-P165_ses-preop_acq-ax_run-01_desc-RN_native.fcsv, sub-P165/ses-preop/stereotaxy/sub-P165_ses-preop_acq-ax_run-01_desc-RN_mcp.fcsv, work/sub-P165/ses-preop/ACPCtransforms/sub-P165_ses-preop_acq-ax_run-01_desc-transform_ACPC.txt
    conda-env: /localscratch/.cache/autoafids/conda/7e9941e9acc1503fed10fd844ea3118b_
[Wed Aug 12 15:34:08 2026]
Error in rule stereotaxy:
    message: None
    jobid: 156
    input: sub-P369/ses-preop/afids-cnn/sub-P369_ses-preop_acq-ax_run-01_desc-afidscnn-nnlm_afids.fcsv
    output: sub-P369/ses-preop/stereotaxy/sub-P369_ses-preop_acq-ax_run-01_desc-RN_native.fcsv, sub-P369/ses-preop/stereotaxy/sub-P369_ses-preop_acq-ax_run-01_desc-RN_mcp.fcsv, work/sub-P369/ses-preop/ACPCtransforms/sub-P369_ses-preop_acq-ax_run-01_desc-transform_ACPC.txt
    conda-env: /localscratch/.cache/autoafids/conda/7e9941e9acc1503fed10fd844ea3118b_
[Wed Aug 12 15:34:08 2026]
Error in rule stereotaxy:
    message: None
    jobid: 157
    input: sub-P374/ses-preop/afids-cnn/sub-P374_ses-preop_acq-ax_run-01_desc-afidscnn-nnlm_afids.fcsv
    output: sub-P374/ses-preop/stereotaxy/sub-P374_ses-preop_acq-ax_run-01_desc-RN_native.fcsv, sub-P374/ses-preop/stereotaxy/sub-P374_ses-preop_acq-ax_run-01_desc-RN_mcp.fcsv, work/sub-P374/ses-preop/ACPCtransforms/sub-P374_ses-preop_acq-ax_run-01_desc-transform_ACPC.txt
    conda-env: /localscratch/.cache/autoafids/conda/7e9941e9acc1503fed10fd844ea3118b_
[Wed Aug 12 15:34:08 2026]
Error in rule stereotaxy:
    message: None
    jobid: 141
    input: sub-P221/ses-preop/afids-cnn/sub-P221_ses-preop_acq-ax_run-01_desc-afidscnn-nnlm_afids.fcsv
    output: sub-P221/ses-preop/stereotaxy/sub-P221_ses-preop_acq-ax_run-01_desc-RN_native.fcsv, sub-P221/ses-preop/stereotaxy/sub-P221_ses-preop_acq-ax_run-01_desc-RN_mcp.fcsv, work/sub-P221/ses-preop/ACPCtransforms/sub-P221_ses-preop_acq-ax_run-01_desc-transform_ACPC.txt
    conda-env: /localscratch/.cache/autoafids/conda/7e9941e9acc1503fed10fd844ea3118b_
[Wed Aug 12 15:34:08 2026]
Error in rule stereotaxy:
    message: None
    jobid: 134
    input: sub-P175/ses-preop/afids-cnn/sub-P175_ses-preop_acq-ax_run-01_desc-afidscnn-nnlm_afids.fcsv
    output: sub-P175/ses-preop/stereotaxy/sub-P175_ses-preop_acq-ax_run-01_desc-RN_native.fcsv, sub-P175/ses-preop/stereotaxy/sub-P175_ses-preop_acq-ax_run-01_desc-RN_mcp.fcsv, work/sub-P175/ses-preop/ACPCtransforms/sub-P175_ses-preop_acq-ax_run-01_desc-transform_ACPC.txt
    conda-env: /localscratch/.cache/autoafids/conda/7e9941e9acc1503fed10fd844ea3118b_
[Wed Aug 12 15:34:08 2026]
Error in rule stereotaxy:
    message: None
    jobid: 154
    input: sub-P359/ses-preop/afids-cnn/sub-P359_ses-preop_acq-ax_run-01_desc-afidscnn-nnlm_afids.fcsv
    output: sub-P359/ses-preop/stereotaxy/sub-P359_ses-preop_acq-ax_run-01_desc-RN_native.fcsv, sub-P359/ses-preop/stereotaxy/sub-P359_ses-preop_acq-ax_run-01_desc-RN_mcp.fcsv, work/sub-P359/ses-preop/ACPCtransforms/sub-P359_ses-preop_acq-ax_run-01_desc-transform_ACPC.txt
    conda-env: /localscratch/.cache/autoafids/conda/7e9941e9acc1503fed10fd844ea3118b_
[Wed Aug 12 15:34:08 2026]
Error in rule stereotaxy:
    message: None
    jobid: 147
    input: sub-P293/ses-preop/afids-cnn/sub-P293_ses-preop_acq-ax_run-01_desc-afidscnn-nnlm_afids.fcsv
    output: sub-P293/ses-preop/stereotaxy/sub-P293_ses-preop_acq-ax_run-01_desc-RN_native.fcsv, sub-P293/ses-preop/stereotaxy/sub-P293_ses-preop_acq-ax_run-01_desc-RN_mcp.fcsv, work/sub-P293/ses-preop/ACPCtransforms/sub-P293_ses-preop_acq-ax_run-01_desc-transform_ACPC.txt
    conda-env: /localscratch/.cache/autoafids/conda/7e9941e9acc1503fed10fd844ea3118b_
[Wed Aug 12 15:34:08 2026]
Error in rule stereotaxy:
    message: None
    jobid: 140
    input: sub-P214/ses-preop/afids-cnn/sub-P214_ses-preop_acq-ax_run-01_desc-afidscnn-nnlm_afids.fcsv
    output: sub-P214/ses-preop/stereotaxy/sub-P214_ses-preop_acq-ax_run-01_desc-RN_native.fcsv, sub-P214/ses-preop/stereotaxy/sub-P214_ses-preop_acq-ax_run-01_desc-RN_mcp.fcsv, work/sub-P214/ses-preop/ACPCtransforms/sub-P214_ses-preop_acq-ax_run-01_desc-transform_ACPC.txt
    conda-env: /localscratch/.cache/autoafids/conda/7e9941e9acc1503fed10fd844ea3118b_
Complete log(s): /local/scratch/autoafids/GT_model_fct_pred/.snakemake/log/2026-08-12T153403.225582.snakemake.log
WorkflowError:
At least one job did not complete successfully.
